2026-09-23_08:25: yt Downloaded URL:https://youtube.com/watch?v=WH4f1kAwlAo to Judge_Napolitano_-_Judging_Freedom - COL._Douglas_Macgregor_-_Is_Trump_Planning_to_Invade_Iran_Again.mp4|6323258
2026-09-23_08:28: yt Downloaded URL:https://youtube.com/watch?v=rKqD8rpeP_0 to Judge_Napolitano_-_Judging_Freedom - Jim_Webb_-_Trump_Butchers_DC_Landscape.mp4|6365642
2026-09-23_08:32: yt Downloaded URL:https://youtube.com/watch?v=34A9V03UZAs to Judge_Napolitano_-_Judging_Freedom - Lt.COL._Karen_Kwiatkowski_-_Trump_Hegseth_Ruin_US_Military_readiness.mp4|6365645
2026-09-23_08:36: yt Downloaded URL:https://youtube.com/watch?v=Jt5bIq_Ro7E to Mentour_Pilot - The_Crash_That_Killed_An_Airline_The_Scandal_Behind_Adam_Air_Flight_574.mp4|6369335
2026-09-23_08:50: yt Downloaded URL:https://www.youtube.com/watch?v=tpdXsPh5q1Y&t=49s to Iran-Contra - A Watergate Sequel Aaron Good Soga Part 4 Ae268.mp4
2026-09-23_09:08: yt Downloaded URL:https://rumble.com/v7fujsg-can-medbeds-regrow-limbs-and-cure-cancer-scam-or-secret-tech.html to Kim_Iversen - Can_Medbeds_Regrow_Limbs_And_Cure_Cancer_Scam_Or_Secret_Tech.mp4|6365630
2026-09-23_09:36: yt Downloaded URL:https://rumble.com/v7fujsg-can-medbeds-regrow-limbs-and-cure-cancer-scam-or-secret-tech.html to Kim Iversen - Can Medbeds Regrow Limbs And Cure Cancer Scam Or Secret.mp4
2026-09-23_10:01: yt Downloaded URL:https://rumble.com/v7fujsg-can-medbeds-regrow-limbs-and-cure-cancer-scam-or-secret-tech.html to Kim Iversen - Can Medbeds Regrow Limbs And Cure Cancer Scam Or Secret.mp4
2026-09-23_10:10: yt Downloaded URL:https://rumble.com/v7fsr32-alex-christoforou-massive-attack-on-moscow-eu-prepares-for-war.html to Glenn_Diesen_Greater_Eurasia - Alex_Christoforou_-_Massive_Attack_on_Moscow_-_EU_Prepares_for_War.mp4|6360470
2026-09-23_10:13: yt Downloaded URL:https://rumble.com/v7frx22-crosstalk-bullhorns-global-energy-crisis.html to Glenn Diesen - Alex Christoforou Massive Attack On.mp4|6360470
2026-09-23_10:14: yt Downloaded URL:https://rumble.com/v7frx22-crosstalk-bullhorns-global-energy-crisis.html to RT - CrossTalk_Bullhorns_Global_energy_crisis.mp4|6337328
2026-09-23_18:08: yt Downloaded URL:https://youtube.com/watch?v=jUWeLsgdG2c to Judge_Napolitano_-_Judging_Freedom - Prof._Mohammad_Marandi_-_Trump_s_War_Crime_Threat_to_Iran.mp4|6344658
2026-09-23_18:10: yt Downloaded URL:https://youtube.com/watch?v=DPUeMWtmP14 to Dialogue_Works - Elijah_Magnier_-_Qatar_Pitches_Iran-Gulf_Security_Framework_at_Trump_s_UN_Meeting.mp4|6344717
2026-09-23_18:13: yt Downloaded URL:https://www.youtube.com/watch?v=z6Wuxj6iNE0 to The Houthis Red Sea Offensive Drawing The West Toward More War.mp4
2026-09-23_18:13: yt Downloaded URL:https://www.youtube.com/watch?v=jZCfQ_8KUUI to The Old World Order IS Breaking - Trump Won't Let Go Alastair Crooke.mp4
2026-09-23_18:25: yt Downloaded URL:https://youtu.be/EBcR24yvo0U?is=Q1J3GuHbeAonb2iO to The Iran Connection No One IS Talking About.mp4
2026-09-23_22:26: yt Downloaded URL:https://youtube.com/watch?v=sWuJ-ZA9DnM to Judge_Napolitano_-_Judging_Freedom - AMB._Chas_Freeman_-_US_Gulf_Alliances_Collapse.mp4|6343189
2026-09-23_22:27: yt Downloaded URL:https://youtube.com/watch?v=cL6HF5IS4-M to Judge_Napolitano_-_Judging_Freedom - Phil_Giraldi_-_Trump_s_Weaponized_Monument.mp4|6360730
2026-09-24_00:09: yt Downloaded URL:https://youtube.com/watch?v=fMpS-sbebdY to Judge_Napolitano_-_Judging_Freedom - Prof._Jeffrey_Sachs_-_REACTION_to_Trump_s_UN_Speech_What_Lies_Netanyahu_Will_Tell_the_UN.mp4|6323131
2026-09-24_00:09: yt Downloaded URL:https://youtube.com/watch?v=dnh4rS3q8Pk to Judge_Napolitano_-_Judging_Freedom - Integrity_Media_2026_Independent_Journalism_Awards_-_Judge_Andr._Napolitano_s_Keynote_Address.mp4|6365623
2026-09-24_09:50: yt Downloaded URL:https://youtube.com/watch?v=KzDMGcNHpVc to The_Duran - No_Plan_B_on_Iran_as_GOP_Faces_Midterm_Rout_w_Robert_Barnes.mp4|6323955
2026-09-24_09:55: yt Downloaded URL:https://www.youtube.com/watch?v=4JPviK7wagg to Gas Prices Skyrocket Trump Freaks Out His Powerlessness IS Exposed - The True War Agenda Revealed.mp4
2026-09-24_10:57: yt Downloaded URL:https://rumble.com/v7fvmzm-alex-krainer-bond-market-collapse-and-the-new-chinese-economic-order.html to Glenn_Diesen_Greater_Eurasia - Alex_Krainer_-_Bond_Market_Collapse_the_New_Chinese_Economic_Order.mp4|26869830
2026-09-24_11:02: yt Downloaded URL:https://youtube.com/watch?v=4ebeKoHil3k to Syriana_Analysis - Trump_Threatens_to_ANNIHILATE_Iran_-_Is_Nuclear_War_Next_Patrick_Henningsen.mp4|26869824
2026-09-24_11:05: yt Downloaded URL:https://youtube.com/watch?v=Zxk9CU-RYOI to Daniel_Davis_Deep_Dive - Russia_Ukraine_War_Forcing_Armies_to_Re-Invent_the_Tank_Lt_Col_Daniel_Davis.mp4|26869825
2026-09-24_11:08: yt Downloaded URL:https://youtube.com/watch?v=j9fsVIDeVAY to Neil_Oliver - Neil_Oliver_-_...they_re_stepping_things_up_a_gear.mp4|26869827
2026-09-24_11:14: yt Downloaded URL:https://youtube.com/watch?v=stZa97P6fOU to Neil Oliver - Neil Oliver - ...They're Stepping Things Up A Gear.mp4|26869827
2026-09-24_11:14: yt Downloaded URL:https://youtube.com/watch?v=stZa97P6fOU to The_Grayzone - Loomered_-_Max_Blumenthal_s_stand-up_clapback_in_Chicago.mp4|26869822
2026-09-24_11:22: yt Downloaded URL:https://youtube.com/watch?v=stZa97P6fOU to The_Grayzone - Loomered_-_Max_Blumenthal_s_stand-up_clapback_in_Chicago.mp4|26869842
2026-09-24_11:27: yt Downloaded URL:https://youtube.com/watch?v=stZa97P6fOU to The_Grayzone - Loomered_-_Max_Blumenthal_s_stand-up_clapback_in_Chicago.mp4|26869841
2026-09-24_11:29: yt Downloaded URL:https://youtube.com/watch?v=stZa97P6fOU to The_Grayzone - Loomered_-_Max_Blumenthal_s_stand-up_clapback_in_Chicago.mp4|26869842
2026-09-24_11:35: yt Downloaded URL:https://youtube.com/watch?v=stZa97P6fOU to The_Grayzone - Loomered_-_Max_Blumenthal_s_stand-up_clapback_in_Chicago.mp4|26869841
2026-09-24_11:37: yt Downloaded URL:https://youtube.com/watch?v=stZa97P6fOU to The_Grayzone - Loomered_-_Max_Blumenthal_s_stand-up_clapback_in_Chicago.mp4|26869842
2026-09-24_11:44: yt Downloaded URL:https://rumble.com/v7fvtyu-hell-driver-day-205-trump-annihilation-threat-un-shame-lapdog-burnham-moroc.html to Grayzone - Loomered - Max Blumenthal's Stand-Up Clapback In Chicago.mp4|26869842
2026-09-24_11:51: yt Downloaded URL:https://rumble.com/v7fvtyu-hell-driver-day-205-trump-annihilation-threat-un-shame-lapdog-burnham-moroc.html to George_Galloway - HELL_DRIVER_Day_205_Trump_annihilation_threat_UN_shame_Lapdog_Burnham_Morocco_vote.mp4|26869822
2026-09-24_11:52: yt Downloaded URL:https://rumble.com/v7fvbxu-crosstalk-energy-shock.html to RT - CrossTalk_Energy_shock.mp4|26869844
2026-09-24_11:56: yt Downloaded URL:https://youtube.com/watch?v=ky1oabCHpGc to Daniel_Davis_Deep_Dive - Washington_Risking_Another_War_for_Israel_Lt_Col_Daniel_Davis.mp4|26869846
2026-09-24_11:59: yt Downloaded URL:https://youtube.com/watch?v=ky1oabCHpGc to Daniel_Davis_Deep_Dive - Washington_Risking_Another_War_for_Israel_Lt_Col_Daniel_Davis.mp4|26869845
2026-09-24_16:58: yt Downloaded URL:https://youtube.com/watch?v=4ebeKoHil3k to Daniel Davis - Washington Risking Another War For Israel LT COL Daniel.mp4|26869845
2026-09-24_17:30: yt Downloaded URL:https://www.youtube.com/watch?v=z9JDC2r_hVA to John Kiriakou Jenin Younes With Glenn On Rising Dangers To Whistle-Blowers.mp4
2026-09-25_15:47: yt Downloaded URL:https://www.youtube.com/watch?v=HneTJtQezIE to Aaron Mate - IS Ukraine The US's Proxy Or Partner.mp4
2026-09-25_15:48: yt Downloaded URL:https://www.youtube.com/watch?v=T3ZOB5jlfdY to Col. Lawrence Wilkerson - Could Israel And Saudi Arabia Disappear.mp4
2026-09-25_15:48: yt Downloaded URL:https://www.youtube.com/watch?v=jAXdzlkIEIg to Judging Freedom - Col. Lawrence Wilkerson - Could Israel And Saudi Arabia Disappear.mp4
2026-09-25_15:49: yt Downloaded URL:https://www.youtube.com/watch?v=jAXdzlkIEIg to Max Blumenthal - Trump's Deranged UN Threats.mp4
2026-09-25_15:49: yt Downloaded URL:https://www.youtube.com/watch?v=qIsl-7n0Svg to Gilbert Doctorow - Are There Still Communists In Russia.mp4
2026-09-25_16:00: yt Downloaded URL:https://www.youtube.com/watch?v=sAbMA1hGjyo to The Middle East Has Reached A Breaking Point - W Alex Krainer.mp4
2026-09-25_16:02: yt Downloaded URL:https://rumble.com/v7fxepu-norm-and-glenn-expose-idf-liar-abdul-kamala-cringe-fest-chaos-ensues-as-bar.html to Dialog Works - The Middle East Has Reached A Breaking Point - W Alex Krainer.mp4|26869825
2026-09-25_16:10: yt Downloaded URL:https://rumble.com/v7fxepu-norm-and-glenn-expose-idf-liar-abdul-kamala-cringe-fest-chaos-ensues-as-bar.html to Dialog Works - The Middle East Has Reached A Breaking Point - W Alex Krainer.mp4|26869825
2026-09-25_16:16: yt Downloaded URL:https://rumble.com/v7fxepu-norm-and-glenn-expose-idf-liar-abdul-kamala-cringe-fest-chaos-ensues-as-bar.html to Due_Dissidence - Norm_Glenn_EXPOSE_IDF_Liar_Abdul-Kamala_CRINGE_FEST_CHAOS_Ensues_as_Bar_Lifts_Mask_.mp4|26869839
2026-09-25_20:18: yt Downloaded URL:https://www.youtube.com/watch?v=C2NosUzBNNw to Europe Diesel Panic As West Pressures Putin For Meeting Netanyahu UN Walkout.mp4
2026-09-25_21:45: yt Downloaded URL:https://youtube.com/watch?v=yjbBtmB9FyA to Syriana_Analysis - Cold_War_2.0_87_-_Europe_Rearms_as_Xi_Talks_Peace_With_Trump_Tarik_Cyril_Amar_Mats_Nilsson.mp4|26869847
2026-09-26_09:55: yt Downloaded URL:https://youtube.com/watch?v=gOxYEK8pTsw to Due Dissidence - Norm Glenn Expose IDF Liar Abdul-Kamala Cringe Fest.mp4|26869839
2026-09-26_09:55: yt Downloaded URL:https://youtube.com/watch?v=gOxYEK8pTsw to Judge_Napolitano_-_Judging_Freedom - INTEL_Roundtable_-_Weekly_Wrap_25-SEPT.mp4|26869844
2026-09-26_09:57: yt Downloaded URL:https://youtube.com/watch?v=BMY9S1KFIIo to blancolirio - NTSB_Prelim_N6510L_Fresno_CA_5_Sept_2026_4_Fatalities.mp4|26869847
2026-09-26_23:31: yt Downloaded URL:https://rumble.com/v7fz5b0-zelenskys-press-secretary-returns-from-exile-with-a-message-for-the-tyrant.html to Due Dissidence - Norm Glenn Expose IDF Liar Abdul-Kamala Cringe Fest.mp4|26869839
2026-09-26_23:32: yt Downloaded URL:https://rumble.com/v7fz5b0-zelenskys-press-secretary-returns-from-exile-with-a-message-for-the-tyrant.html to Due Dissidence - Norm Glenn Expose IDF Liar Abdul-Kamala Cringe Fest.mp4|26869839
2026-09-26_23:32: yt Downloaded URL:https://rumble.com/v7fz5b0-zelenskys-press-secretary-returns-from-exile-with-a-message-for-the-tyrant.html to Due Dissidence - Norm Glenn Expose IDF Liar Abdul-Kamala Cringe Fest.mp4|26869839
2026-09-26_23:32: yt Downloaded URL:https://rumble.com/v7fz5b0-zelenskys-press-secretary-returns-from-exile-with-a-message-for-the-tyrant.html to Due Dissidence - Norm Glenn Expose IDF Liar Abdul-Kamala Cringe Fest.mp4|26869839
2026-09-26_23:32: yt Downloaded URL:https://rumble.com/v7fz5b0-zelenskys-press-secretary-returns-from-exile-with-a-message-for-the-tyrant.html to Due Dissidence - Norm Glenn Expose IDF Liar Abdul-Kamala Cringe Fest.mp4|26869839
2026-09-26_23:32: yt Downloaded URL:https://rumble.com/v7fz5b0-zelenskys-press-secretary-returns-from-exile-with-a-message-for-the-tyrant.html to Due Dissidence - Norm Glenn Expose IDF Liar Abdul-Kamala Cringe Fest.mp4|26869839
2026-09-26_23:34: yt Downloaded URL:https://youtube.com/watch?v=-7ik1NeS4lc to Rick_Beato - The_Sheryl_Crow_Interview.mp4|26869794
2026-09-27_00:52: yt Downloaded URL:https://rumble.com/v7g0emu-syrian-president-and-ex-al-qaeda-member-doesnt-want-to-talk-about-9-11.html to Due Dissidence - Norm Glenn Expose IDF Liar Abdul-Kamala Cringe Fest.mp4|26869839
2026-09-27_00:52: yt Downloaded URL:https://rumble.com/v7g0emu-syrian-president-and-ex-al-qaeda-member-doesnt-want-to-talk-about-9-11.html to Due Dissidence - Norm Glenn Expose IDF Liar Abdul-Kamala Cringe Fest.mp4|26869839
2026-09-27_00:52: yt Downloaded URL:https://rumble.com/v7g0emu-syrian-president-and-ex-al-qaeda-member-doesnt-want-to-talk-about-9-11.html to Due Dissidence - Norm Glenn Expose IDF Liar Abdul-Kamala Cringe Fest.mp4|26869839
2026-09-27_00:52: yt Downloaded URL:https://rumble.com/v7g0emu-syrian-president-and-ex-al-qaeda-member-doesnt-want-to-talk-about-9-11.html to Due Dissidence - Norm Glenn Expose IDF Liar Abdul-Kamala Cringe Fest.mp4|26869839
2026-09-27_00:52: yt Downloaded URL:https://rumble.com/v7g0emu-syrian-president-and-ex-al-qaeda-member-doesnt-want-to-talk-about-9-11.html to Due Dissidence - Norm Glenn Expose IDF Liar Abdul-Kamala Cringe Fest.mp4|26869839
2026-09-27_00:52: yt Downloaded URL:https://rumble.com/v7g0emu-syrian-president-and-ex-al-qaeda-member-doesnt-want-to-talk-about-9-11.html to Due Dissidence - Norm Glenn Expose IDF Liar Abdul-Kamala Cringe Fest.mp4|26869839
2026-09-27_00:52: yt Downloaded URL:https://rumble.com/v7g0el8-tuckers-shocking-revelation-about-his-conversation-with-trump.html to Due Dissidence - Norm Glenn Expose IDF Liar Abdul-Kamala Cringe Fest.mp4|26869839
2026-09-27_00:52: yt Downloaded URL:https://rumble.com/v7g0eie-bibi-spews-amazing-string-of-lies-during-un-speech.html to Due Dissidence - Norm Glenn Expose IDF Liar Abdul-Kamala Cringe Fest.mp4|26869839
2026-09-27_00:54: yt Downloaded URL:https://rumble.com/v7g0epu-netanyahu-humiliated-by-mass-walkout-at-united-nations.html?e9s=src_v1_mfp%2Csrc_v1_mfp_a to Due Dissidence - Norm Glenn Expose IDF Liar Abdul-Kamala Cringe Fest.mp4
2026-09-27_00:54: yt Downloaded URL:https://rumble.com/v7g0epu-netanyahu-humiliated-by-mass-walkout-at-united-nations.html?e9s=src_v1_mfp%2Csrc_v1_mfp_a to Due Dissidence - Norm Glenn Expose IDF Liar Abdul-Kamala Cringe Fest.mp4
2026-09-27_00:55: yt Downloaded URL:https://www.youtube.com/watch?v=Kw8ZpgioX8w to Netanyahu Takes The UN Podium The Room Empties.mp4
2026-09-27_00:56: yt Downloaded URL:https://www.youtube.com/watch?v=gCGvFvo-1TQ to Tucker - Trump Said The Iran War Doesn't Matter We All Die Anyway.mp4
2026-09-27_00:56: yt Downloaded URL:https://www.youtube.com/watch?v=wXn2e9rrzPU&pp=0gcJCS8MAYcqIYzv to ICE Shot A Doordash Driver Then Jailed Him With The Bullet Still In.mp4
2026-09-27_00:57: yt Downloaded URL:https://www.youtube.com/watch?v=ZDp5Iupu0UQ to US Armed Forces Preparing For Land Invasion Of Iran Col. Macgregor.mp4
2026-09-27_00:57: yt Downloaded URL:https://www.youtube.com/watch?v=_lOkUf7ywz8 to Glenn Greenwald Destroys ED Sheeran Defender Over Free Palestine.mp4
2026-09-27_09:49: yt Downloaded URL:https://rumble.com/v7g0zwo-john-laughland-manufactured-heroes-nato-rebranding-of-criminal-networks.html to 
2026-09-27_09:50: yt Downloaded URL:https://rumble.com/v7g0zwo-john-laughland-manufactured-heroes-nato-rebranding-of-criminal-networks.html?e9s=src_v1_mfp%2Csrc_v1_mfp_a to 
2026-09-27_16:37: yt Downloaded URL:https://rumble.com/v7g0zwo-john-laughland-manufactured-heroes-nato-rebranding-of-criminal-networks.html?e9s=src_v1_mfp%2Csrc_v1_mfp_a to John Laughland - Manufactured Heroes - NATO Rebranding Of Criminal Networks.mp4
2026-09-27_18:00: yt Downloaded URL:https://youtube.com/watch?v=1utWLvbZFXc to Daniel_Davis_Deep_Dive - EUROPE_FEARS_RUSSIA_S_NEXT_MOVE_Ian_Proud.mp4|26869793
2026-09-27_19:04: yt Downloaded URL:https://youtube.com/watch?v=LoJjR9YIaG4 to American_Exception - Exceptionism_at_the_UN_Bryce_Greene_Aaron_Good_AE269.mp4|26869800
2026-09-27_19:05: yt Downloaded URL:https://www.youtube.com/watch?v=EFTP43ST7hI to Germany Runs To Lavrov Putin G20 Trap Swiss Neutral No More.mp4
2026-09-27_20:44: yt Downloaded URL:https://youtube.com/watch?v=EFTP43ST7hI to Alex_Christoforou - Germany_Runs_to_Lavrov_Putin_G20_Trap_Swiss_Neutral_No_More.mp4|26869802
2026-09-27_21:14: yt Downloaded URL:https://rumble.com/v7g2bxw-losing-so-badly-day-209-trump-no-to-hormuz-deal-ireland-against-israel-oran.html to American Exception - Exceptionism At The UN Bryce Greene Aaron Good.mp4|26869800
2026-09-27_21:19: yt Downloaded URL:https://www.youtube.com/watch?v=TSFJkgwvIPo to Neil Oliver 90 ...Calling The Hero Inside.mp4
2026-09-27_21:21: yt Downloaded URL:https://www.youtube.com/watch?v=3tiwEaAn4ms to EP - 53 - William Bill Black - The Real Reason Banks Fail.mp4
2026-09-27_21:22: yt Downloaded URL:https://www.youtube.com/watch?v=REXck6-mF4c to The War W Russia Europe's Leaders Want Alastair Crooke.mp4
2026-09-27_21:22: yt Downloaded URL:https://www.youtube.com/watch?v=UTutSmJYIPg to It's An All Or Nothing War With Iran COL Douglas Macgregor.mp4
2026-09-27_21:24: yt Downloaded URL:https://www.youtube.com/watch?v=GxCw7cN44fE to It's An All Or Nothing War With Iran COL Douglas Macgregor.mp4
2026-09-27_21:25: yt Downloaded URL:https://www.youtube.com/watch?v=GxCw7cN44fE to Breaking - New Evidence Iran Hit US Warships Trump Orders All-Out War.mp4
2026-09-27_21:30: yt Downloaded URL:https://www.youtube.com/watch?v=fI8sYWO65Sk to Zelensky's Press Secretary Returns From Exile With A Message For The Tyrant.mp4
2026-09-27_23:01: yt Downloaded URL:https://rumble.com/v7g2bxw-losing-so-badly-day-209-trump-no-to-hormuz-deal-ireland-against-israel-oran.html to Zelensky's Press Secretary Returns From Exile With A Message For The Tyrant.mp4|26869802
2026-09-27_23:01: yt Downloaded URL:https://rumble.com/v7g2bxw-losing-so-badly-day-209-trump-no-to-hormuz-deal-ireland-against-israel-oran.html to Zelensky's Press Secretary Returns From Exile With A Message For The Tyrant.mp4|26869802
2026-09-27_23:01: yt Downloaded URL:https://rumble.com/v7g2bxw-losing-so-badly-day-209-trump-no-to-hormuz-deal-ireland-against-israel-oran.html to Zelensky's Press Secretary Returns From Exile With A Message For The Tyrant.mp4|26869802
2026-09-27_23:01: yt Downloaded URL:https://rumble.com/v7g2bxw-losing-so-badly-day-209-trump-no-to-hormuz-deal-ireland-against-israel-oran.html to Zelensky's Press Secretary Returns From Exile With A Message For The Tyrant.mp4|26869802
2026-09-27_23:02: yt Downloaded URL:https://rumble.com/v7g2bxw-losing-so-badly-day-209-trump-no-to-hormuz-deal-ireland-against-israel-oran.html?e9s=src_v1_mfp%2Csrc_v1_mfp_a to Zelensky's Press Secretary Returns From Exile With A Message For The Tyrant.mp4
2026-09-27_23:02: yt Downloaded URL:https://rumble.com/v7g2bxw-losing-so-badly-day-209-trump-no-to-hormuz-deal-ireland-against-israel-oran.html?e9s=src_v1_mfp%2Csrc_v1_mfp_a to Zelensky's Press Secretary Returns From Exile With A Message For The Tyrant.mp4
2026-09-27_23:02: yt Downloaded URL:https://rumble.com/v7g2bxw-losing-so-badly-day-209-trump-no-to-hormuz-deal-ireland-against-israel-oran.html?e9s=src_v1_mfp%2Csrc_v1_mfp_a to Zelensky's Press Secretary Returns From Exile With A Message For The Tyrant.mp4
2026-09-27_23:02: yt Downloaded URL:https://rumble.com/v7g2bxw-losing-so-badly-day-209-trump-no-to-hormuz-deal-ireland-against-israel-oran.html?e9s=src_v1_mfp%2Csrc_v1_mfp_a to Zelensky's Press Secretary Returns From Exile With A Message For The Tyrant.mp4
2026-09-28_09:12: yt Downloaded URL:https://youtube.com/watch?v=y2q4succ04o to The_Chris_Hedges_YouTube_Channel - The_Iran_War_and_the_Looming_Economic_Collapse_w_John_Mearsheimer.mp4|26869800
2026-09-28_09:14: yt Downloaded URL:https://youtube.com/watch?v=T3AYrKG8oyw to Dialogue_Works - IRAN_SAYS_19_SHIPS_HIT_IN_48_HOURS_U.S._SAYS_STRAIT_OF_HORMUZ_IS_QUIET_-_w_Fmr._CIA_Larry_Johnson.mp4|26869802
2026-09-28_09:19: yt Downloaded URL:https://youtube.com/watch?v=Md9uKOK3ysU to Mentour_Pilot - We_re_NOT_Gonna_Make_The_RUNWAY_The_Terrifying_Story_of_Hop-a-Jet_Flight_823.mp4|26869805
2026-09-28_09:19: yt Downloaded URL:https://rumble.com/v7g2vlq-israelis-protest-naza-screening-peter-thiel-turns-on-alt-right-stallones-ne.html to Mentour Pilot - We're NOT Gonna Make The RUNWAY The Terrifying Story.mp4|26869805
2026-09-28_09:19: yt Downloaded URL:https://rumble.com/v7g2vlq-israelis-protest-naza-screening-peter-thiel-turns-on-alt-right-stallones-ne.html to Mentour Pilot - We're NOT Gonna Make The RUNWAY The Terrifying Story.mp4|26869805
2026-09-28_09:19: yt Downloaded URL:https://rumble.com/v7g2vlq-israelis-protest-naza-screening-peter-thiel-turns-on-alt-right-stallones-ne.html to Mentour Pilot - We're NOT Gonna Make The RUNWAY The Terrifying Story.mp4|26869805
2026-09-28_09:20: yt Downloaded URL:https://rumble.com/v7g2vlq-israelis-protest-naza-screening-peter-thiel-turns-on-alt-right-stallones-ne.html to Mentour Pilot - We're NOT Gonna Make The RUNWAY The Terrifying Story.mp4|26869805
2026-09-28_09:20: yt Downloaded URL:https://rumble.com/v7g2vlq-israelis-protest-naza-screening-peter-thiel-turns-on-alt-right-stallones-ne.html to Mentour Pilot - We're NOT Gonna Make The RUNWAY The Terrifying Story.mp4|26869805
2026-09-28_09:20: yt Downloaded URL:https://rumble.com/v7g2vlq-israelis-protest-naza-screening-peter-thiel-turns-on-alt-right-stallones-ne.html to Mentour Pilot - We're NOT Gonna Make The RUNWAY The Terrifying Story.mp4|26869805
2026-09-28_09:44: yt Downloaded URL:https://rumble.com/v7g2vlq-israelis-protest-naza-screening-peter-thiel-turns-on-alt-right-stallones-ne.html to Mentour Pilot - We're NOT Gonna Make The RUNWAY The Terrifying Story.mp4|26869805
2026-09-28_09:53: yt Downloaded URL:https://rumble.com/v7g2vlq-israelis-protest-naza-screening-peter-thiel-turns-on-alt-right-stallones-ne.html to Due_Dissidence - Israelis_PROTEST_NAZA_Screening_Peter_Thiel_TURNS_on_Alt_Right_Stallone_s_New_Anti-.mp4|26869784
2026-09-28_13:30: yt Downloaded URL:https://youtube.com/watch?v=Veuo03e6WZk to Judge_Napolitano_-_Judging_Freedom - Why_the_Government_is_Wrong_-_A_Deep_Dive_with_Judge_Napolitano.mp4|26869818
2026-09-28_17:52: yt Downloaded URL:https://youtube.com/watch?v=ASOGfQ8tnzk to Judge_Napolitano_-_Judging_Freedom - Larry_Johnson_-_US_Fuel_Costs_About_to_Get_Worse.mp4|26869802
2026-09-28_17:52: yt Downloaded URL:https://youtube.com/watch?v=J98JGMm7fzA to Judge_Napolitano_-_Judging_Freedom - Alastair_Crooke_-_Houthis_Advantage_Over_Saudis.mp4|26869800
2026-09-28_17:58: yt Downloaded URL:https://youtube.com/watch?v=yJGSKJx1pzM to The_Tim_Dillon_Show - Netanyahu_In_New_York_Nepo_Babies_The_View_The_Tim_Dillon_Show_514.mp4|26869844
2026-09-28_21:19: yt Downloaded URL:https://www.youtube.com/watch?v=564IWG28Bos to Dr. Trita Parsi - Trump's Threats Strengthen Iran.mp4
2026-09-28_23:47: yt Downloaded URL:https://youtube.com/watch?v=AdK_Vx7ps9c to Judge_Napolitano_-_Judging_Freedom - Prof._Jeffrey_Sachs_-_REACTION_-_Was_Trump_Bored_at_Meeting_with_Xi.mp4|26869861
2026-09-29_09:27: yt Downloaded URL:https://rumble.com/v7g2294-sunday-wire-ep-614-un-blowout-the-beginning-of-the-end-for-israel.html?e9s=src_v1_clr%2Csrc_v1_upp_a to Due Dissidence - Israelis PROTEST NAZA Screening Peter Thiel TURNS On.mp4
2026-09-29_09:42: yt Downloaded URL:https://rumble.com/v7g2294-sunday-wire-ep-614-un-blowout-the-beginning-of-the-end-for-israel.html?e9s=src_v1_clr%2Csrc_v1_upp_a to Sunday Wire EP 614 UN Blowout - The Beginning Of The End For Israel.mp4
2026-09-29_09:49: yt Downloaded URL:https://rumble.com/v7g45ym-kim-confronts-journalist-trying-to-expose-her-and-others-as-ops.html?e9s=src_v1_mfp%2Csrc_v1_mfp_a to Kim Confronts Journalist Trying To Expose Her Others As OPS.mp4
2026-09-29_09:57: yt Downloaded URL:https://rumble.com/v7g3kf0-tiffany-cianci-on-private-equity-data-centers-maha-thomas-massie-and-more.html to Due_Dissidence - Tiffany_Cianci_on_Private_Equity_Data_Centers_MAHA_Thomas_Massie_and_More.mp4|26869867
2026-09-29_12:42: Dialogue Works:Pepe Escobar: Imminent Deadlines For The US Blockade :https://youtube.com/watch?v=y5qRo7_9sDE
2026-09-29_12:42: yt Downloaded URL:https://youtube.com/watch?v=y5qRo7_9sDE to Dialogue_Works - Pepe_Escobar_-_Imminent_Deadlines_for_the_US_Blockade.mp4|26869910
2026-09-29_12:44: Dialogue Works:Iran Warns Mediators: Attack Energy Sites, Region Goes Dark - w/ Col. :https://youtube.com/watch?v=lAf7_5b08Ec
2026-09-29_12:46: yt Downloaded URL:https://youtube.com/watch?v=lAf7_5b08Ec to Dialogue_Works - IRAN_WARNS_MEDIATORS_-_ATTACK_ENERGY_SITES_REGION_GOES_DARK_-_w_Col._Jacques_Baud.mp4|26869911
2026-09-29_17:51: Judging Freedom:Prof. John Mearsheimer : IS Trump Out Of Options In Iran? :https://youtube.com/watch?v=2FbN9_wZOtw
2026-09-29_17:52: yt Downloaded URL:https://youtube.com/watch?v=2FbN9_wZOtw to Judge_Napolitano_-_Judging_Freedom - Prof._John_Mearsheimer_-_Is_Trump_Out_of_Options_in_Iran.mp4|26869907
2026-09-29_17:52: Judging Freedom:Amb. Chas Freeman : Can Israel Sustain Its Multi-Front Wars? :https://youtube.com/watch?v=QkPlGMJ1u6g
2026-09-29_17:52: yt Downloaded URL:https://youtube.com/watch?v=QkPlGMJ1u6g to Judge_Napolitano_-_Judging_Freedom - AMB._Chas_Freeman_-_Can_Israel_Sustain_Its_Multi-Front_Wars.mp4|26869892
2026-09-29_17:52: Judging Freedom:Aaron Mate : IS Ukraine Out Of Options? :https://youtube.com/watch?v=vaW_galHfvY
2026-09-29_17:53: yt Downloaded URL:https://youtube.com/watch?v=vaW_galHfvY to Judge_Napolitano_-_Judging_Freedom - Aaron_Mate_-_Is_Ukraine_Out_of_Options.mp4|26869906
2026-09-29_17:53: Judging Freedom:Matt Hoh : WHO Owns And WHO Runs Hormuz? :https://youtube.com/watch?v=9KyaFIoF8iw
2026-09-29_17:53: yt Downloaded URL:https://youtube.com/watch?v=9KyaFIoF8iw to Judging Freedom - Aaron Mate - IS Ukraine Out Of Options.mp4|26869906
2026-09-29_18:27: Jimmy Dore:Hollywood Turns Chris Hansen Into the Villain After He Spent Years Catching :https://rumble.com/v7g50k4-hollywood-turns-chris-hansen-into-the-villain-after-he-spent-years-catching.html
2026-09-29_18:27: yt Downloaded URL:https://rumble.com/v7g50k4-hollywood-turns-chris-hansen-into-the-villain-after-he-spent-years-catching.html to Judging Freedom - Aaron Mate - IS Ukraine Out Of Options.mp4|26869906
2026-09-29_18:27: yt Downloaded URL:https://rumble.com/v7g50k4-hollywood-turns-chris-hansen-into-the-villain-after-he-spent-years-catching.html to Judging Freedom - Aaron Mate - IS Ukraine Out Of Options.mp4|26869906
2026-09-29_18:27: yt Downloaded URL:https://rumble.com/v7g50k4-hollywood-turns-chris-hansen-into-the-villain-after-he-spent-years-catching.html to Judging Freedom - Aaron Mate - IS Ukraine Out Of Options.mp4|26869906
2026-09-29_18:27: yt Downloaded URL:https://rumble.com/v7g50k4-hollywood-turns-chris-hansen-into-the-villain-after-he-spent-years-catching.html to Judging Freedom - Aaron Mate - IS Ukraine Out Of Options.mp4|26869906
2026-09-29_18:27: yt Downloaded URL:https://rumble.com/v7g50k4-hollywood-turns-chris-hansen-into-the-villain-after-he-spent-years-catching.html to Judging Freedom - Aaron Mate - IS Ukraine Out Of Options.mp4|26869906
2026-09-29_18:27: yt Downloaded URL:https://rumble.com/v7g50k4-hollywood-turns-chris-hansen-into-the-villain-after-he-spent-years-catching.html to Judging Freedom - Aaron Mate - IS Ukraine Out Of Options.mp4|26869906
2026-09-29_18:27: Jimmy Dore:Senator Susan Collins Caught Taking Bribes - Trump Protected Her! :https://rumble.com/v7g50cw-senator-susan-collins-caught-taking-bribes-trump-protected-her.html
2026-09-29_18:27: yt Downloaded URL:https://rumble.com/v7g50cw-senator-susan-collins-caught-taking-bribes-trump-protected-her.html to Judging Freedom - Aaron Mate - IS Ukraine Out Of Options.mp4|26869906
2026-09-29_18:27: Jimmy Dore:Candace Goes SCORCHED EARTH On TPUSA After Scathing Report On Charlie's :https://rumble.com/v7g50mi-candace-goes-scorched-earth-on-tpusa-after-scathing-report-on-charlies-deat.html
2026-09-29_18:27: yt Downloaded URL:https://rumble.com/v7g50mi-candace-goes-scorched-earth-on-tpusa-after-scathing-report-on-charlies-deat.html to Judging Freedom - Aaron Mate - IS Ukraine Out Of Options.mp4|26869906
2026-09-29_18:27: Jimmy Dore:EXPOSED! LBJ Was Behind Coverup Of Israeli Attack On USS Liberty! w/ Larry :https://rumble.com/v7g50qq-exposed-lbj-was-behind-coverup-of-israeli-attack-on-uss-liberty-w-larry-bow.html
2026-09-29_18:27: yt Downloaded URL:https://rumble.com/v7g50qq-exposed-lbj-was-behind-coverup-of-israeli-attack-on-uss-liberty-w-larry-bow.html to Judging Freedom - Aaron Mate - IS Ukraine Out Of Options.mp4|26869906
2026-09-29_18:31: Jimmy Dore:Candace Goes SCORCHED EARTH On TPUSA After Scathing Report On Charlie's :https://rumble.com/v7g50mi-candace-goes-scorched-earth-on-tpusa-after-scathing-report-on-charlies-deat.html
2026-09-29_18:31: yt Downloaded URL:https://rumble.com/v7g50mi-candace-goes-scorched-earth-on-tpusa-after-scathing-report-on-charlies-deat.html to Judging Freedom - Aaron Mate - IS Ukraine Out Of Options.mp4|26869906
2026-09-29_18:31: yt Downloaded URL:https://rumble.com/v7g50mi-candace-goes-scorched-earth-on-tpusa-after-scathing-report-on-charlies-deat.html to Judging Freedom - Aaron Mate - IS Ukraine Out Of Options.mp4|26869906
2026-09-29_18:32: yt Downloaded URL:https://rumble.com/v7g50mi-candace-goes-scorched-earth-on-tpusa-after-scathing-report-on-charlies-deat.html to Judging Freedom - Aaron Mate - IS Ukraine Out Of Options.mp4|26869906
2026-09-29_18:32: yt Downloaded URL:https://rumble.com/v7g50mi-candace-goes-scorched-earth-on-tpusa-after-scathing-report-on-charlies-deat.html to Judging Freedom - Aaron Mate - IS Ukraine Out Of Options.mp4|26869906
2026-09-29_18:32: Jimmy Dore:EXPOSED! LBJ Was Behind Coverup Of Israeli Attack On USS Liberty! w/ Larry :https://rumble.com/v7g50qq-exposed-lbj-was-behind-coverup-of-israeli-attack-on-uss-liberty-w-larry-bow.html
2026-09-29_18:32: yt Downloaded URL:https://rumble.com/v7g50qq-exposed-lbj-was-behind-coverup-of-israeli-attack-on-uss-liberty-w-larry-bow.html to Judging Freedom - Aaron Mate - IS Ukraine Out Of Options.mp4|26869906
2026-09-29_18:32: yt Downloaded URL:https://rumble.com/v7g50qq-exposed-lbj-was-behind-coverup-of-israeli-attack-on-uss-liberty-w-larry-bow.html to Judging Freedom - Aaron Mate - IS Ukraine Out Of Options.mp4|26869906
2026-09-29_18:36: Jimmy Dore:Candace Goes SCORCHED EARTH On TPUSA After Scathing Report On Charlie's :https://rumble.com/v7g50mi-candace-goes-scorched-earth-on-tpusa-after-scathing-report-on-charlies-deat.html
2026-09-29_18:36: yt Downloaded URL:https://rumble.com/v7g50mi-candace-goes-scorched-earth-on-tpusa-after-scathing-report-on-charlies-deat.html to Judging Freedom - Aaron Mate - IS Ukraine Out Of Options.mp4|26869906
2026-09-29_18:36: yt Downloaded URL:https://rumble.com/v7g50mi-candace-goes-scorched-earth-on-tpusa-after-scathing-report-on-charlies-deat.html to Judging Freedom - Aaron Mate - IS Ukraine Out Of Options.mp4|26869906
2026-09-29_18:36: yt Downloaded URL:https://rumble.com/v7g50mi-candace-goes-scorched-earth-on-tpusa-after-scathing-report-on-charlies-deat.html to Judging Freedom - Aaron Mate - IS Ukraine Out Of Options.mp4|26869906
2026-09-29_18:36: Jimmy Dore:EXPOSED! LBJ Was Behind Coverup Of Israeli Attack On USS Liberty! w/ Larry :https://rumble.com/v7g50qq-exposed-lbj-was-behind-coverup-of-israeli-attack-on-uss-liberty-w-larry-bow.html
2026-09-29_18:36: yt Downloaded URL:https://rumble.com/v7g50qq-exposed-lbj-was-behind-coverup-of-israeli-attack-on-uss-liberty-w-larry-bow.html to Judging Freedom - Aaron Mate - IS Ukraine Out Of Options.mp4|26869906
2026-09-29_18:36: yt Downloaded URL:https://rumble.com/v7g50qq-exposed-lbj-was-behind-coverup-of-israeli-attack-on-uss-liberty-w-larry-bow.html to Judging Freedom - Aaron Mate - IS Ukraine Out Of Options.mp4|26869906
2026-09-29_18:36: yt Downloaded URL:https://rumble.com/v7g50qq-exposed-lbj-was-behind-coverup-of-israeli-attack-on-uss-liberty-w-larry-bow.html to Judging Freedom - Aaron Mate - IS Ukraine Out Of Options.mp4|26869906
2026-09-29_18:38: yt Downloaded URL:https://rumble.com/v7g50k4-hollywood-turns-chris-hansen-into-the-villain-after-he-spent-years-catching.html?e9s=src_v1_mfp%2Csrc_v1_mfp_a to Judging Freedom - Aaron Mate - IS Ukraine Out Of Options.mp4
2026-09-29_18:47: Jimmy Dore:Candace Goes SCORCHED EARTH On TPUSA After Scathing Report On Charlie's :https://rumble.com/v7g50mi-candace-goes-scorched-earth-on-tpusa-after-scathing-report-on-charlies-deat.html
2026-09-29_18:47: yt Downloaded URL:https://rumble.com/v7g50mi-candace-goes-scorched-earth-on-tpusa-after-scathing-report-on-charlies-deat.html to Judging Freedom - Aaron Mate - IS Ukraine Out Of Options.mp4|26869906
2026-09-29_18:47: yt Downloaded URL:https://rumble.com/v7g50mi-candace-goes-scorched-earth-on-tpusa-after-scathing-report-on-charlies-deat.html to Judging Freedom - Aaron Mate - IS Ukraine Out Of Options.mp4|26869906
2026-09-29_18:48: yt Downloaded URL:https://rumble.com/v7g50mi-candace-goes-scorched-earth-on-tpusa-after-scathing-report-on-charlies-deat.html?e9s=src_v1_mfp%2Csrc_v1_mfp_a to Judging Freedom - Aaron Mate - IS Ukraine Out Of Options.mp4
2026-09-29_18:51: yt Downloaded URL:https://rumble.com/v7g50mi-candace-goes-scorched-earth-on-tpusa-after-scathing-report-on-charlies-deat.html?e9s=src_v1_mfp%2Csrc_v1_mfp_a to Candace Goes Scorched Earth On Tpusa After Scathing Report On Charlie's Death Released.mp4
2026-09-29_18:52: Jimmy Dore:Hollywood Turns Chris Hansen Into the Villain After He Spent Years Catching :https://rumble.com/v7g50k4-hollywood-turns-chris-hansen-into-the-villain-after-he-spent-years-catching.html
2026-09-29_18:53: yt Downloaded URL:https://rumble.com/v7g50k4-hollywood-turns-chris-hansen-into-the-villain-after-he-spent-years-catching.html to The_Jimmy_Dore_Show - Hollywood_Turns_Chris_Hansen_Into_the_Villain_After_He_Spent_Years_Catching_Pr.mp4|26869912
2026-09-29_18:54: Jimmy Dore:Senator Susan Collins Caught Taking Bribes - Trump Protected Her! :https://rumble.com/v7g50cw-senator-susan-collins-caught-taking-bribes-trump-protected-her.html
2026-09-29_18:55: yt Downloaded URL:https://rumble.com/v7g50cw-senator-susan-collins-caught-taking-bribes-trump-protected-her.html to The_Jimmy_Dore_Show - Senator_Susan_Collins_Caught_Taking_Bribes_-_Trump_Protected_Her.mp4|26869908
2026-09-29_18:55: Jimmy Dore:TPUSA & Charlie Kirk Security CAUGHT LYING In New Official Report! :https://rumble.com/v7g50ws-tpusa-and-charlie-kirk-security-caught-lying-in-new-official-report.html
2026-09-29_19:00: yt Downloaded URL:https://rumble.com/v7g50ws-tpusa-and-charlie-kirk-security-caught-lying-in-new-official-report.html to The_Jimmy_Dore_Show - TPUSA_Charlie_Kirk_Security_CAUGHT_LYING_In_New_Official_Report.mp4|26869914
2026-09-30_10:20: Alex Christoforou:Airbase False Flag Mix Up? Rubio Foreign Actor; Trump Make Nice With Russia :https://youtube.com/watch?v=jpJsquFNB5w
2026-09-30_10:21: yt Downloaded URL:https://youtube.com/watch?v=jpJsquFNB5w to Alex_Christoforou - Airbase_False_Flag_Mix_Up_Rubio_Foreign_Actor_Trump_Make_Nice_with_Russia.mp4|26869795
2026-09-30_10:21: Blan Colirio:REPORT ON Vietnam Airlines Runway Departure In Munich :https://youtube.com/watch?v=4tULPHU_70c
2026-09-30_10:21: yt Downloaded URL:https://youtube.com/watch?v=4tULPHU_70c to blancolirio - Vietnam_Airlines_Munich_Runway_Overrun_REPORT.mp4|26869798
2026-09-30_10:25: Kim Iversen:The Jewish Murder Case the ADL Keeps LYING About :https://rumble.com/v7fzl04-the-jewish-murder-case-the-adl-keeps-lying-about.html
2026-09-30_10:25: yt Downloaded URL:https://rumble.com/v7fzl04-the-jewish-murder-case-the-adl-keeps-lying-about.html to Blan Colirio - Vietnam Airlines Munich Runway Overrun REPORT.mp4|26869798
2026-09-30_10:25: yt Downloaded URL:https://rumble.com/v7fzl04-the-jewish-murder-case-the-adl-keeps-lying-about.html to Blan Colirio - Vietnam Airlines Munich Runway Overrun REPORT.mp4|26869798
2026-09-30_10:29: yt Downloaded URL:https://rumble.com/v7fzl04-the-jewish-murder-case-the-adl-keeps-lying-about.html to Kim_Iversen - The_Jewish_Murder_Case_the_ADL_Keeps_LYING_About.mp4|26869794
2026-09-30_13:20: Glenn Diesen:Seyed M. Marandi: Israel, Saudi Arabia and the US: All-in on War? :https://rumble.com/v7g3nvo-seyed-m.-marandi-israel-saudi-arabia-and-the-us-all-in-on-war.html
2026-09-30_13:20: yt Downloaded URL:https://rumble.com/v7g3nvo-seyed-m.-marandi-israel-saudi-arabia-and-the-us-all-in-on-war.html to Dialogue Works - Iran Warns Mediators - Attack Energy Sites Region.mp4|26869911
2026-09-30_13:22: yt Downloaded URL:https://rumble.com/v7g3nvo-seyed-m.-marandi-israel-saudi-arabia-and-the-us-all-in-on-war.html to Glenn_Diesen_Greater_Eurasia - Seyed_M._Marandi_-_Israel_Saudi_Arabia_and_the_US_-_All-in_on_War.mp4|26869791
2026-09-30_13:22: Glenn Diesen:Fred Weir: NATO & Russia on a Collision Course for 30 Years :https://rumble.com/v7g21bu-fred-weir-nato-and-russia-on-a-collision-course-for-30-years.html
2026-09-30_13:24: yt Downloaded URL:https://rumble.com/v7g21bu-fred-weir-nato-and-russia-on-a-collision-course-for-30-years.html to Glenn_Diesen_Greater_Eurasia - Fred_Weir_-_NATO_Russia_on_a_Collision_Course_for_30_Years.mp4|26869794
2026-09-30_16:50: Judging Freedom:Ltcol. Karen Kwiatkowski : Why The Pentagon Lies About Casualties :https://youtube.com/watch?v=hYlNYMDG3Ls
2026-09-30_16:50: yt Downloaded URL:https://youtube.com/watch?v=hYlNYMDG3Ls to Judge_Napolitano_-_Judging_Freedom - LtCOL._Karen_Kwiatkowski_-_Why_the_Pentagon_Lies_About_Casualties.mp4|26869802
2026-09-30_16:52: yt Downloaded URL:https://www.youtube.com/watch?v=9KyaFIoF8iw&pp=0gcJCToMAYcqIYzv to Matt Hoh - WHO Owns And WHO Runs Hormuz.mp4
2026-09-30_16:54: yt Downloaded URL:https://www.youtube.com/watch?v=GEqNEAWjrLc to Douglas Macgregor - Israel Vs Turkey And Qatar - New US War Strategy.mp4
2026-09-30_19:58: Alex Christoforou:Flydubai Panic; Kaliningrad Nuclear Warning; Tokayev Humiliates Merz :https://youtube.com/watch?v=ILiIcFrmWPo
2026-09-30_19:58: yt Downloaded URL:https://youtube.com/watch?v=ILiIcFrmWPo to Alex_Christoforou - Flydubai_Panic_Kaliningrad_Nuclear_Warning_Tokayev_humiliates_Merz.mp4|26869816
2026-09-30_19:59: Judging Freedom:Robert Barnes : DOES Trump's Inner Circle Recognize His Deficiencies? :https://youtube.com/watch?v=PqVikC2Hl7o
2026-09-30_19:59: yt Downloaded URL:https://youtube.com/watch?v=PqVikC2Hl7o to Judge_Napolitano_-_Judging_Freedom - Robert_Barnes_-_Does_Trump_s_Inner_Circle_Recognize_His_Deficie.mp4|26869818
2026-09-30_22:07: Judging Freedom:Col. Douglas Macgregor : America's Toxic Military Culture :https://youtube.com/watch?v=RfY_7ShS3WI
2026-09-30_22:07: yt Downloaded URL:https://youtube.com/watch?v=RfY_7ShS3WI to Judge_Napolitano_-_Judging_Freedom - COL._Douglas_Macgregor_-_America_s_Toxic_Military_Culture.mp4|26869798
2026-09-30_22:15: yt Downloaded URL:https://www.youtube.com/watch?v=yMTxIuM1hw0 to NTSB Prelim Porterville Runway Overrun 1 Sept 2026.mp4
2026-09-30_22:19: Neil Oliver:Neil Oliver: ...To HELL With Every Last One Of Them! :https://youtube.com/watch?v=SjRffxQUIsE
2026-09-30_22:19: yt Downloaded URL:https://youtube.com/watch?v=SjRffxQUIsE to Neil_Oliver - Neil_Oliver_-_...to_HELL_with_every_last_one_of_them.mp4|26869816
2026-09-30_22:20: Glenn Diesen:Col. Lawrence Wilkerson: Iran War Spreads - Could Israel Fall? :https://rumble.com/v7g6ty6-col.-lawrence-wilkerson-iran-war-spreads-could-israel-fall.html
2026-09-30_22:21: yt Downloaded URL:https://rumble.com/v7g6ty6-col.-lawrence-wilkerson-iran-war-spreads-could-israel-fall.html to Glenn_Diesen_Greater_Eurasia - Col._Lawrence_Wilkerson_-_Iran_War_Spreads_-_Could_Israel_Fall.mp4|26869820
2026-09-30_23:34: Judging Freedom:Phil Giraldi : The National Security Scam :https://youtube.com/watch?v=ingKpriGF30
2026-09-30_23:34: yt Downloaded URL:https://youtube.com/watch?v=ingKpriGF30 to Judge_Napolitano_-_Judging_Freedom - Phil_Giraldi_-_The_National_Security_Scam.mp4|26869818
2026-09-30_23:35: yt Downloaded URL:https://www.youtube.com/watch?v=s2PF61X0274 to Scott Ritter - How Europe IS Defeating Itself.mp4
2026-10-01_12:18: Jimmy Dore:"Most Americans Are NOT Legally Required To Pay Income Tax" - Peymon :https://rumble.com/v7g67oa-most-americans-are-not-legally-required-to-pay-income-tax-peymon-mottahedeh.html
2026-10-01_12:18: yt Downloaded URL:https://rumble.com/v7g67oa-most-americans-are-not-legally-required-to-pay-income-tax-peymon-mottahedeh.html to Due Dissidence - Israelis PROTEST NAZA Screening Peter Thiel TURNS On.mp4|26869784
2026-10-01_12:19: yt Downloaded URL:https://rumble.com/v7g67oa-most-americans-are-not-legally-required-to-pay-income-tax-peymon-mottahedeh.html to The_Jimmy_Dore_Show - Most_Americans_Are_NOT_Legally_Required_To_Pay_Income_Tax_-_Peymon_Mottahedeh.mp4|26869798
2026-10-01_12:19: Jimmy Dore:New Evidence PROVES Clinton Lawyer Vince Foster Was Murdered! w/ Hugh Turley :https://rumble.com/v7g70no-new-evidence-proves-clinton-lawyer-vince-foster-was-murdered-w-hugh-turley.html
2026-10-01_12:20: yt Downloaded URL:https://rumble.com/v7g70no-new-evidence-proves-clinton-lawyer-vince-foster-was-murdered-w-hugh-turley.html to The_Jimmy_Dore_Show - New_Evidence_PROVES_Clinton_Lawyer_Vince_Foster_Was_Murdered_w_Hugh_Turley.mp4|26869816
2026-10-01_17:39: Alex Christoforou:Russian Warning, NATO Retreat; Burnham Flips On Petrol Thieves; Rubio Boots :https://youtube.com/watch?v=p8KyUKCioCQ
2026-10-01_17:39: yt Downloaded URL:https://youtube.com/watch?v=p8KyUKCioCQ to Alex_Christoforou - Russian_Warning_NATO_Retreat_Burnham_Flips_on_Petrol_Thieves_Rubio_Boots_Iran_Te.mp4|26869821
2026-10-01_17:57: Glenn Diesen:John Mearsheimer: US Pullback, Alliance Breakdown and Wars :https://rumble.com/v7g8lnu-john-mearsheimer-us-pullback-alliance-breakdown-and-wars.html
2026-10-01_17:57: yt Downloaded URL:https://rumble.com/v7g8lnu-john-mearsheimer-us-pullback-alliance-breakdown-and-wars.html to Alex Christoforou - Russian Warning NATO Retreat Burnham Flips On.mp4|26869821
2026-10-01_17:59: yt Downloaded URL:https://rumble.com/v7g8lnu-john-mearsheimer-us-pullback-alliance-breakdown-and-wars.html to Glenn_Diesen_Greater_Eurasia - John_Mearsheimer_-_US_Pullback_Alliance_Breakdown_and_Wars.mp4|26869820
2026-10-01_18:05: Jimmy Dore:MAHA Has Been COMPLETELY BOUGHT OFF By Industry! w/ Dr. Robert Malone :https://rumble.com/v7g8dgm-maha-has-been-completely-bought-off-by-industry-w-dr.-robert-malone.html
2026-10-01_18:07: yt Downloaded URL:https://rumble.com/v7g8dgm-maha-has-been-completely-bought-off-by-industry-w-dr.-robert-malone.html to The_Jimmy_Dore_Show - MAHA_Has_Been_COMPLETELY_BOUGHT_OFF_By_Industry_w_Dr._Robert_Malone.mp4|26869824
2026-10-01_18:07: Jimmy Dore:U.S. Is Getting The Hell Out Of Iraq! w/ Col. Lawrence Wilkerson :https://rumble.com/v7g8dpm-u.s.-is-getting-the-hell-out-of-iraq-w-col.-lawrence-wilkerson.html
2026-10-01_18:07: yt Downloaded URL:https://rumble.com/v7g8dpm-u.s.-is-getting-the-hell-out-of-iraq-w-col.-lawrence-wilkerson.html to Jimmy Dore - MAHA Has Been COMPLETELY BOUGHT OFF By Industry W Dr..mp4|26869824
2026-10-01_18:08: yt Downloaded URL:https://rumble.com/v7g8dpm-u.s.-is-getting-the-hell-out-of-iraq-w-col.-lawrence-wilkerson.html to The_Jimmy_Dore_Show - U.S._Is_Getting_The_Hell_Out_Of_Iraq_w_Col._Lawrence_Wilkerson.mp4|26869827
2026-10-01_18:08: Jimmy Dore:HERE'S How The Government Is Going To Push mRNA Shots For EVERYTHING! w/ Dr. :https://rumble.com/v7g8dde-heres-how-the-government-is-going-to-push-mrna-shots-for-everything-w-dr.-r.html
2026-10-01_18:09: yt Downloaded URL:https://rumble.com/v7g8dde-heres-how-the-government-is-going-to-push-mrna-shots-for-everything-w-dr.-r.html to The_Jimmy_Dore_Show - HERE_S_How_The_Government_Is_Going_To_Push_mRNA_Shots_For_EVERYTHING_w_Dr._Robert_Malone.mp4|26869825
2026-10-01_20:19: Judging Freedom:Pepe Escobar : Why Beijing IS Fiercely In Tehran's Camp :https://youtube.com/watch?v=wD8bwUkzZyM
2026-10-01_20:19: yt Downloaded URL:https://youtube.com/watch?v=wD8bwUkzZyM to Judge_Napolitano_-_Judging_Freedom - Pepe_Escobar_-_Why_Beijing_Is_Fiercely_in_Tehran_s_Camp.mp4|26869818
2026-10-01_20:20: Judging Freedom:Tony Shaffer : Why European Leaders Hate Russia :https://youtube.com/watch?v=V3zNFYeU1DI
2026-10-01_20:20: yt Downloaded URL:https://youtube.com/watch?v=V3zNFYeU1DI to Judge_Napolitano_-_Judging_Freedom - Tony_Shaffer_-_Why_European_Leaders_Hate_Russia.mp4|26869815
2026-10-01_20:21: Tucker Carlson:The Most Sickening Story the Media Says Doesn't Exist: First-Hand Account of :https://rumble.com/v7g7gj0-the-most-sickening-story-the-media-says-doesnt-exist-first-hand-account-of-.html
2026-10-01_20:21: yt Downloaded URL:https://rumble.com/v7g7gj0-the-most-sickening-story-the-media-says-doesnt-exist-first-hand-account-of-.html to Judging Freedom - Tony Shaffer - Why European Leaders Hate Russia.mp4|26869815
2026-10-01_20:27: yt Downloaded URL:https://rumble.com/v7g7gj0-the-most-sickening-story-the-media-says-doesnt-exist-first-hand-account-of-.html to Tucker_Carlson - The_Most_Sickening_Story_the_Media_Says_Doesn_t_Exist_-_First-Hand_Account_of_the_W.mp4|26869816
2026-10-01_21:58: Daniel Davis /:Russia Pounds Kyiv As US Pushes Peace Talks /Patrick Henningsen :https://youtube.com/watch?v=p0E7TS4nltc
2026-10-01_21:58: yt Downloaded URL:https://youtube.com/watch?v=p0E7TS4nltc to Daniel_Davis_Deep_Dive - Russia_Pounds_Kyiv_as_US_Pushes_Peace_Talks_Patrick_Henningsen.mp4|26869795
2026-10-01_22:32: Kim Iversen:FlyDubai & RAF: False Flag Ops? # Google Earth Reveals Gaza's Destruction :https://rumble.com/v7g7g1s-flydubai-and-raf-false-flag-ops-google-earth-reveals-gazas-destruction.html
2026-10-01_22:34: yt Downloaded URL:https://rumble.com/v7g7g1s-flydubai-and-raf-false-flag-ops-google-earth-reveals-gazas-destruction.html to Kim_Iversen - FlyDubai_RAF_-_False_Flag_Ops_Google_Earth_Reveals_Gaza_s_Destruction.mp4|26869797
2026-10-01_23:30: Due Dissidence:Bari Weiss Rumored OUT at CBS, Mamdani PANDERS To NYC Zionists, Trump DOUBTS :https://rumble.com/v7g8jqe-bari-weiss-rumored-out-at-cbs-mamdani-panders-to-nyc-zionists-trump-doubts-.html
2026-10-01_23:37: yt Downloaded URL:https://rumble.com/v7g8jqe-bari-weiss-rumored-out-at-cbs-mamdani-panders-to-nyc-zionists-trump-doubts-.html?e9s=src_v1_mfp%2Csrc_v1_mfp_by_creator to Bari Weiss Rumored Out At CBS Mamdani Panders To NYC Zionists Trump Doubts Bibi's Flydubai Story.mp4
2026-10-02_15:39: Daniel Davis:Putin Admits Refinery Strikes Cost Moscow 1% Of GDP /Larry Johnson :https://youtube.com/watch?v=2Vl4xZ3xNU4
2026-10-02_15:39: yt Downloaded URL:https://youtube.com/watch?v=2Vl4xZ3xNU4 to Due Dissidence - Bari Weiss Rumored Out At CBS.mp4|26869791
2026-10-02_15:39: Daniel Davis:Rubio Kicks Out Iran's Araghchi From New York /Col Larry Wilkerson :https://youtube.com/watch?v=JkodFIb04LQ
2026-10-02_15:40: yt Downloaded URL:https://youtube.com/watch?v=JkodFIb04LQ to Daniel_Davis_Deep_Dive - Rubio_Kicks_Out_Iran_s_Araghchi_From_New_York_Col_Larry_Wilkerson.mp4|26869821
2026-10-02_15:42: Dialogue Works:Breaking: USS Theodore Roosevelt Ordered To Middle East - w/ Lt. Col. :https://youtube.com/watch?v=1iOwQeHMSHc
2026-10-02_15:44: yt Downloaded URL:https://youtube.com/watch?v=1iOwQeHMSHc to Daniel Davis - Rubio Kicks Out Iran's Araghchi From New York COL Larry.mp4|26869821
2026-10-02_15:44: yt Downloaded URL:https://youtube.com/watch?v=1iOwQeHMSHc to Dialogue_Works - BREAKING_-_USS_THEODORE_ROOSEVELT_ORDERED_TO_MIDDLE_EAST_-_w_Lt._Col._Anthony_Aguilar.mp4|26869820
2026-10-02_15:44: Dialogue Works:Breaking: Oil Supertanker Hit In Strait Of Hormuz--Massive Fire Erupts - w/ :https://youtube.com/watch?v=VO2YMP8jZf8
2026-10-02_15:45: yt Downloaded URL:https://youtube.com/watch?v=VO2YMP8jZf8 to Dialogue_Works - BREAKING_-_OIL_SUPERTANKER_HIT_IN_STRAIT_OF_HORMUZ_MASSIVE_FIRE_ERUPTS_-_w_Fmr._CIA_Larry_Johnson.mp4|26869822
2026-10-02_16:04: Mentour Pilot:EVERYTHING We Know About The Flydubai Accident! :https://youtube.com/watch?v=jqfKh1aiBOg
2026-10-02_16:08: yt Downloaded URL:https://youtube.com/watch?v=jqfKh1aiBOg to Captains_Speaking_-_The_Mentour_Pilot_Podcast - EVERYTHING_We_Know_About_The_FlyDubai_Accident.mp4|26869840
2026-10-02_17:29: yt Downloaded URL:https://www.youtube.com/watch?v=y1PhHxyxPxM to More Israel Loyalists To Run The Merged Ellison Media Empire.mp4
2026-10-02_20:17: Tucker Carlson:"Prepare for War" - Tucker Confronts Britain's Most Pro-War Advocate :https://rumble.com/v7ga6iw-prepare-for-war-tucker-confronts-britains-most-pro-war-advocate.html
2026-10-02_20:25: yt Downloaded URL:https://rumble.com/v7ga6iw-prepare-for-war-tucker-confronts-britains-most-pro-war-advocate.html to Tucker_Carlson - Prepare_for_War_-_Tucker_Confronts_Britain_s_Most_Pro-War_Advocate.mp4|26869839
2026-10-02_21:10: Alex Christoforou:Putin Valdai, Dangerous Changes; Kiev Bridge Hit; US Diesel Ultimatum To :https://youtube.com/watch?v=5fxwmX5tLIo
2026-10-02_21:11: yt Downloaded URL:https://youtube.com/watch?v=5fxwmX5tLIo to Alex_Christoforou - Putin_Valdai_Dangerous_Changes_Kiev_Bridge_Hit_US_Diesel_Ultimatum_to_Europe.mp4|26869827
2026-10-02_21:13: Syriana Analysis:Cold War 2.0 #88: Ukraine's War Within: Draft, Corruption & FAR Right : :https://youtube.com/watch?v=3fuMNY-wrt8
2026-10-02_21:14: yt Downloaded URL:https://youtube.com/watch?v=3fuMNY-wrt8 to Syriana_Analysis - Cold_War_2.0_88_-_Ukraine_s_War_Within_-_Draft_Corruption_Far_Right_Marta_Havryshko.mp4|26869830
2026-10-03_09:24: Garland Nixon:Perfidious Albion - w/ Alex Krainer & Harley Schlanger - The British Empire :https://youtube.com/watch?v=A9eG0eioRIY
2026-10-03_09:24: yt Downloaded URL:https://youtube.com/watch?v=A9eG0eioRIY to Garland_Nixon - PERFIDIOUS_ALBION_-_W_ALEX_KRAINER_HARLEY_SCHLANGER_-_THE_BRITISH_EMPIRE_IS_ALWAYS_U.mp4|26869824
2026-10-03_09:25: Blan Colirio:Knife Fight In Fly Dubai Cabin :https://youtube.com/watch?v=qR-c5-vSvJM
2026-10-03_09:25: yt Downloaded URL:https://youtube.com/watch?v=qR-c5-vSvJM to blancolirio - Fly_Dubai_Cockpit_Knife_Fight.mp4|26869830
2026-10-03_09:26: Danny Haiphong:Alastair Crooke: Trump SURGES 10,000 Troops! Iran HITS US Carrier Next :https://youtube.com/watch?v=x7oZ_tPv2fM
2026-10-03_09:29: yt Downloaded URL:https://youtube.com/watch?v=x7oZ_tPv2fM to Danny_Haiphong - Alastair_Crooke_-_Trump_SURGES_10_000_Troops_Iran_HITS_US_Carrier_Next.mp4|26869842
2026-10-03_09:34: Judging Freedom:Max Blumenthal : Netanyahu's Last Election? :https://youtube.com/watch?v=xcdC8L5exMc
2026-10-03_09:34: yt Downloaded URL:https://youtube.com/watch?v=xcdC8L5exMc to Judge_Napolitano_-_Judging_Freedom - Max_Blumenthal_-_Netanyahu_s_Last_Election.mp4|26869827
2026-10-03_09:43: yt Downloaded URL:https://www.youtube.com/watch?v=iWIVjKtw9MM to Nyt Publishes More Contradictory Evidence On Cornell Case.mp4
2026-10-03_09:49: yt Downloaded URL:https://www.youtube.com/watch?v=7Qdm4EiItsM to Intel Roundtable W Larry Johnson Joe Kent - Week Wrap 2-Oct.mp4
2026-10-03_11:07: The Grayzone:Flydubai Airs Out Israeli Elections - Max On Judging Freedom :https://youtube.com/watch?v=0W6MzmVEQRk
2026-10-03_11:07: yt Downloaded URL:https://youtube.com/watch?v=0W6MzmVEQRk to The_Grayzone - Flydubai_airs_out_Israeli_elections_-_Max_on_Judging_Freedom.mp4|26869843
2026-10-03_18:25: yt Downloaded URL:https://rumble.com/v7gbz5m-russia-hits-bridges-embassies-plan-exit-france-on-fire-macron-silent.html?e9s=src_v1_mfp to Grayzone - Flydubai Airs Out Israeli Elections - Max On Judging.mp4
2026-10-03_18:27: Dialogue Works:Alex Krainer: Breaking: U.S. Sends Thousands More Troops Amid Oil Price :https://youtube.com/watch?v=a6E9m1KiXnc
2026-10-03_18:29: yt Downloaded URL:https://youtube.com/watch?v=a6E9m1KiXnc to Dialogue_Works - Alex_Krainer_-_BREAKING_-_U.S._Sends_Thousands_More_Troops_Amid_Oil_Price_Spike.mp4|26869839
2026-10-03_20:47: yt Downloaded URL:https://www.youtube.com/watch?v=icxWtNOZr74 to Diplomacy IS Now A Crime In Britian Ian Proud.mp4
2026-10-04_11:20: Blan Colirio:VNAV "Failure" on the 737 Max 10 - October 2, 2026 :https://youtube.com/watch?v=bl3TFGwOPFs
2026-10-04_11:21: yt Downloaded URL:https://youtube.com/watch?v=bl3TFGwOPFs to blancolirio - 737_Max10_VNAV_Glitch_2_Oct_2026.mp4|26869839
2026-10-04_11:21: Tim Dillon:The Cornell 7, Bari Weiss, & A Botched Execution : The Tim Dillon Show #515 :https://youtube.com/watch?v=Ov7NzH2wmFg
2026-10-04_11:22: yt Downloaded URL:https://youtube.com/watch?v=Ov7NzH2wmFg to The_Tim_Dillon_Show - The_Cornell_7_Bari_Weiss_A_Botched_Execution_The_Tim_Dillon_Show_515.mp4|26869840
2026-10-04_11:24: Daniel Davis:Diplomacy IS Now A Crime In Britian /Ian Proud :https://youtube.com/watch?v=icxWtNOZr74
2026-10-04_11:24: yt Downloaded URL:https://youtube.com/watch?v=icxWtNOZr74 to Daniel_Davis_Deep_Dive - Diplomacy_is_Now_a_Crime_in_Britian_Ian_Proud.mp4|26869841
2026-10-04_11:50: Kim Iversen:No Surprise: An Israeli Company Was Behind the AI "Escapes" :https://rumble.com/v7gapvw-no-surprise-an-israeli-company-was-behind-the-ai-escapes.html
2026-10-04_11:54: yt Downloaded URL:https://rumble.com/v7gapvw-no-surprise-an-israeli-company-was-behind-the-ai-escapes.html to Kim_Iversen - No_Surprise_-_An_Israeli_Company_Was_Behind_the_AI_Escapes.mp4|26869842
2026-10-04_12:24: Rick Beato:Josh Homme: The Architect Of Desert Rock :https://youtube.com/watch?v=-_WdwJ_4f98
2026-10-04_12:26: yt Downloaded URL:https://youtube.com/watch?v=-_WdwJ_4f98 to Rick_Beato - Josh_Homme_-_The_Architect_Of_Desert_Rock.mp4|26869830
2026-10-04_12:50: Pilot Debrief:Pilot's Deadly Mistakes Get Wife & Children Killed! :https://youtube.com/watch?v=T1aVJFdtILM
2026-10-04_12:52: yt Downloaded URL:https://youtube.com/watch?v=T1aVJFdtILM to Pilot_Debrief - Pilot_s_Deadly_Mistakes_Get_Wife_Children_Killed.mp4|26869824
2026-10-04_13:03: Rt News:CrossTalk # Europe's bad bet :https://rumble.com/v7g9ubk-crosstalk-europes-bad-bet.html
2026-10-04_13:03: yt Downloaded URL:https://rumble.com/v7g9ubk-crosstalk-europes-bad-bet.html to Pilot Debrief - Pilot's Deadly Mistakes Get Wife Children Killed.mp4|26869824
2026-10-04_13:05: yt Downloaded URL:https://rumble.com/v7g9ubk-crosstalk-europes-bad-bet.html to Pilot Debrief - Pilot's Deadly Mistakes Get Wife Children Killed.mp4|26869824
2026-10-04_13:05: yt Downloaded URL:https://rumble.com/v7g9ubk-crosstalk-europes-bad-bet.html to Pilot Debrief - Pilot's Deadly Mistakes Get Wife Children Killed.mp4|26869824
2026-10-04_13:06: yt Downloaded URL:https://rumble.com/v7g9ubk-crosstalk-europes-bad-bet.html to RT - CrossTalk_Europe_s_bad_bet.mp4|26869827
2026-10-04_17:05: Dialogue Works:Col. Larry Wilkerson & Larry Johnson: Declining Global Oil Reserves :https://youtube.com/watch?v=Qf92aGA5opM
2026-10-04_17:06: yt Downloaded URL:https://youtube.com/watch?v=Qf92aGA5opM to Dialogue_Works - Col._Larry_Wilkerson_Larry_Johnson_-_Declining_Global_Oil_Reserves.mp4|26869841
2026-10-04_17:12: yt Downloaded URL:https://www.youtube.com/watch?v=As-RINydLxI to Col. Larry Wilkerson Larry Johnson - Breaking - Trump Says Europe Releases Massive Diesel Stockpiles.mp4
2026-10-04_18:23: yt Downloaded URL:https://www.youtube.com/watch?v=6ZbkdY7q-6o to Surprise Merz In Kiev Taurus Missile Rebrand Trump-Putin Lukoil Deal.mp4
2026-10-04_18:27: yt Downloaded URL:https://www.youtube.com/watch?v=Tp3Zlakx5SM to Edge Of The Abyss - Ray Mcgovern Patrick Henningsen On The World This Week.mp4
2026-10-04_22:47: Daniel Davis:Istanbul Panel Debates Iran's Role, US Military Bases & The Future Of The :https://youtube.com/watch?v=uKhyg_WDAgs
2026-10-04_22:48: yt Downloaded URL:https://youtube.com/watch?v=uKhyg_WDAgs to Daniel_Davis_Deep_Dive - Istanbul_Panel_Debates_Iran_s_Role_US_Military_Bases_the_Future_of_the_Gulf.mp4|26869830
2026-10-04_22:50: yt Downloaded URL:https://rumble.com/v7gdg3q-sunday-wire-ep-615-netanyahus-false-flag-frenzy-trump-departs-from-reality.html?e9s=src_v1_mfp%2Csrc_v1_mfp_by_creator to Daniel Davis Deep Dive - Istanbul Panel Debates Iran's Role US Military Bases The Future Of The Gulf.mp4
2026-10-04_23:15: yt Downloaded URL:https://rumble.com/v7gdg3q-sunday-wire-ep-615-netanyahus-false-flag-frenzy-trump-departs-from-reality.html?e9s=src_v1_mfp%2Csrc_v1_mfp_by_creator to Sunday Wire EP 615 Netanyahu's False Flag Frenzy Trump Departs From Reality.mp4
2026-10-05_00:16: yt Downloaded URL:https://21stcenturywire.com/2026/10/04/sunday-screening-the-trap-part-1-2-2026/ to Sunday Wire EP 615 Netanyahu's False Flag Frenzy Trump Departs From Reality.mp4
2026-10-05_00:16: yt Downloaded URL:https://www.aljazeera360.com/video/1017661?t=0 to Sunday Wire EP 615 Netanyahu's False Flag Frenzy Trump Departs From Reality.mp4
2026-10-05_09:54: Due Dissidence:Zach Bryan Reps FREE PALESTINE at Gillette, Tucker's White Grievance Pivot, :https://rumble.com/v7gdm5i-zach-bryan-reps-free-palestine-at-gillette-tuckers-white-grievance-pivot-br.html
2026-10-05_09:54: yt Downloaded URL:https://rumble.com/v7gdm5i-zach-bryan-reps-free-palestine-at-gillette-tuckers-white-grievance-pivot-br.html to Sunday Wire EP 615 Netanyahu's False Flag Frenzy Trump Departs From Reality.mp4|26869791
2026-10-05_09:54: yt Downloaded URL:https://rumble.com/v7gdm5i-zach-bryan-reps-free-palestine-at-gillette-tuckers-white-grievance-pivot-br.html to Sunday Wire EP 615 Netanyahu's False Flag Frenzy Trump Departs From Reality.mp4|26869791
2026-10-05_09:59: yt Downloaded URL:https://rumble.com/v7gdm5i-zach-bryan-reps-free-palestine-at-gillette-tuckers-white-grievance-pivot-br.html to Sunday Wire EP 615 Netanyahu's False Flag Frenzy Trump Departs From Reality.mp4|26869791
2026-10-05_09:59: yt Downloaded URL:https://rumble.com/v7gdm5i-zach-bryan-reps-free-palestine-at-gillette-tuckers-white-grievance-pivot-br.html to Sunday Wire EP 615 Netanyahu's False Flag Frenzy Trump Departs From Reality.mp4|26869791
2026-10-05_10:29: yt Downloaded URL:https://rumble.com/v7gdm5i-zach-bryan-reps-free-palestine-at-gillette-tuckers-white-grievance-pivot-br.html to Sunday Wire EP 615 Netanyahu's False Flag Frenzy Trump Departs From Reality.mp4|26869791
2026-10-05_10:29: yt Downloaded URL:https://rumble.com/v7gdm5i-zach-bryan-reps-free-palestine-at-gillette-tuckers-white-grievance-pivot-br.html to Sunday Wire EP 615 Netanyahu's False Flag Frenzy Trump Departs From Reality.mp4|26869791
2026-10-05_10:30: yt Downloaded URL:https://rumble.com/v7gdm5i-zach-bryan-reps-free-palestine-at-gillette-tuckers-white-grievance-pivot-br.html?e9s=src_v1_mfp to Sunday Wire EP 615 Netanyahu's False Flag Frenzy Trump Departs From Reality.mp4
2026-10-05_11:11: yt Downloaded URL:https://rumble.com/v7gdm5i-zach-bryan-reps-free-palestine-at-gillette-tuckers-white-grievance-pivot-br.html?e9s=src_v1_mfp to Zach Bryan Reps Free Palestine At Gillette Tucker's White Grievance Pivot Brazil Election Results.mp4
2026-10-05_11:21: yt Downloaded URL:https://www.youtube.com/watch?v=GxpejV5y3vg to Iran Blows Up Trump's Invasion Plan Israel Schemes Total War Patrick Henningsen.mp4
2026-10-05_16:57: Dialogue Works:Col. Jacques Baud: Breaking: Saudi East-West Pipeline Halts After Yemeni :https://youtube.com/watch?v=Zm0w1oztVVU
2026-10-05_16:58: yt Downloaded URL:https://youtube.com/watch?v=Zm0w1oztVVU to Dialogue_Works - Col._Jacques_Baud_-_BREAKING_-_Saudi_East-West_Pipeline_Halts_After_Yemeni_Missile_Strike.mp4|26869795
2026-10-05_18:09: Judging Freedom:Alastair Crooke : Trump And Netanyahu Planning More War :https://youtube.com/watch?v=xO19HORlHPw
2026-10-05_18:09: yt Downloaded URL:https://youtube.com/watch?v=xO19HORlHPw to Dialogue Works - Col. Jacques Baud - BREAKING - Saudi East-West.mp4|26869795
2026-10-05_18:10: yt Downloaded URL:https://youtube.com/watch?v=xO19HORlHPw to Judge_Napolitano_-_Judging_Freedom - Alastair_Crooke_-_Trump_and_Netanyahu_Planning_More_War.mp4|26869794
2026-10-05_18:10: Judging Freedom:Ian Proud : I Was Arrested At Heathrow! :https://youtube.com/watch?v=51PHl_8-6s8
2026-10-05_18:10: yt Downloaded URL:https://youtube.com/watch?v=51PHl_8-6s8 to Judge_Napolitano_-_Judging_Freedom - Ian_Proud_-_I_Was_Arrested_at_Heathrow.mp4|26869791
2026-10-05_18:10: Judging Freedom:Larry Johnson : Netanyahu Lying For Votes :https://youtube.com/watch?v=2A7HuIZscvI
2026-10-05_18:11: yt Downloaded URL:https://youtube.com/watch?v=2A7HuIZscvI to Judge_Napolitano_-_Judging_Freedom - Larry_Johnson_-_Netanyahu_Lying_for_Votes.mp4|26869797
2026-10-05_18:11: yt Downloaded URL:https://www.youtube.com/watch?v=GiTHXDqOHFk to Prof. Jeffrey Sachs - How Dangerous IS Trump.mp4
2026-10-06_09:24: Dialogue Works:Pepe Escobar: Breaking: Yemen Declares Saudi Airspace UNSAFE As Taizz :https://youtube.com/watch?v=NiRhgC1mQJQ
2026-10-06_09:26: yt Downloaded URL:https://youtube.com/watch?v=NiRhgC1mQJQ to Dialogue_Works - Pepe_Escobar_-_BREAKING_-_Yemen_Declares_Saudi_Airspace_UNSAFE_as_Taizz_Encirclemen.mp4|26869794
2026-10-06_09:27: Alex Christoforou:Russia Mod: "Blame Zelensky"; Saudi Offensive Begins, Taiz Encircled :https://youtube.com/watch?v=AeiLSjxC4VA
2026-10-06_09:28: yt Downloaded URL:https://youtube.com/watch?v=AeiLSjxC4VA to Alex_Christoforou - Russia_MOD_-_Blame_Zelensky_Saudi_Offensive_Begins_Taiz_Encircled.mp4|26869795
2026-10-06_09:30: Blan Colirio:NTSB Preliminary Report: Air Boeing 767 Accident, Missing At El Airport :https://youtube.com/watch?v=Q2RRrZQfd_s
2026-10-06_09:31: yt Downloaded URL:https://youtube.com/watch?v=Q2RRrZQfd_s to blancolirio - NTSB_Prelim_21Air_767_Crash_MIA_5_Sept_2026.mp4|26869797
2026-10-06_09:33: Daniel Davis:Mace's Double Standard Endangers Americans :https://youtube.com/watch?v=ciPxj38Jti4
2026-10-06_09:33: yt Downloaded URL:https://youtube.com/watch?v=ciPxj38Jti4 to Blan Colirio - NTSB Prelim 21air 767 Crash MIA 5 Sept 2026.mp4|26869797
2026-10-06_09:33: Daniel Davis:Russia IS Crushing Ukraine's Capacity To Fight / Iuliia Mendel :https://youtube.com/watch?v=XXpSG7k984g
2026-10-06_09:33: yt Downloaded URL:https://youtube.com/watch?v=XXpSG7k984g to Daniel_Davis_Deep_Dive - Russia_is_Crushing_Ukraine_s_Capacity_to_Fight_Iuliia_Mendel.mp4|26869791
2026-10-06_09:34: Daniel Davis:Hawks Only Pretend To Know How Nuclear Escalation Unfolds / John Mearsheimer :https://youtube.com/watch?v=vDEwsG2i8ow
2026-10-06_09:34: yt Downloaded URL:https://youtube.com/watch?v=vDEwsG2i8ow to Daniel_Davis_Deep_Dive - Hawks_Only_Pretend_to_Know_How_Nuclear_Escalation_Unfolds_John_Mearsheimer.mp4|26869800
2026-10-06_09:36: Glenn Diesen:Jeffrey Sachs: Ukraine Peace Proposal vs. NATO Salami Tactics :https://rumble.com/v7gfhjm-jeffrey-sachs-ukraine-peace-proposal-vs.-nato-salami-tactics.html
2026-10-06_09:36: yt Downloaded URL:https://rumble.com/v7gfhjm-jeffrey-sachs-ukraine-peace-proposal-vs.-nato-salami-tactics.html to Daniel Davis - Hawks Only Pretend To Know How Nuclear Escalation.mp4|26869800
2026-10-06_09:38: yt Downloaded URL:https://rumble.com/v7gfhjm-jeffrey-sachs-ukraine-peace-proposal-vs.-nato-salami-tactics.html to Glenn_Diesen_Greater_Eurasia - Jeffrey_Sachs_-_Ukraine_Peace_Proposal_vs._NATO_Salami_Tactics.mp4|26869798
2026-10-06_09:39: Kim Iversen:Another Suicide Tied to Epstein. Pandemic: Russia Edition. FlyDubai Keeps :https://rumble.com/v7gfojq-another-epstein-suicide.-pandemic-russia-edition..html
2026-10-06_09:48: yt Downloaded URL:https://rumble.com/v7gfojq-another-epstein-suicide.-pandemic-russia-edition..html to Kim_Iversen - Another_Suicide_Tied_to_Epstein._Pandemic_-_Russia_Edition._FlyDubai_Keeps_Getting_Wei._Man_Accuses_Lucy_Craig_of_Assault.mp4|26869802
2026-10-06_18:49: yt Downloaded URL:https://www.youtube.com/watch?v=oSLBJvwi-5g to How To Fix Error Externally Managed Environment When Using Pip Or When Installing Python Packages.mp4
2026-10-06_20:16: Judging Freedom:Amb. Chas Freeman : IS Trump Planning War In November? :https://youtube.com/watch?v=lPiy2-lWUQ4
2026-10-06_20:16: yt Downloaded URL:https://youtube.com/watch?v=lPiy2-lWUQ4 to Judge_Napolitano_-_Judging_Freedom - AMB._Chas_Freeman_-_Is_Trump_Planning_War_in_November.mp4|26869815
2026-10-06_20:16: Judging Freedom:Aaron Mate : DOES It Matter WHO's President? :https://youtube.com/watch?v=enw8g8dLpxw
2026-10-06_20:17: yt Downloaded URL:https://youtube.com/watch?v=enw8g8dLpxw to Judge_Napolitano_-_Judging_Freedom - Aaron_Mate_-_Does_It_Matter_Who_s_President.mp4|26869805
2026-10-06_20:17: Judging Freedom:Prof. John Mearsheimer : Has Trump Weakened The Us? :https://youtube.com/watch?v=tzj5gcS8pHc
2026-10-06_20:17: yt Downloaded URL:https://youtube.com/watch?v=tzj5gcS8pHc to Judge_Napolitano_-_Judging_Freedom - Prof._John_Mearsheimer_-_Has_Trump_Weakened_the_US.mp4|26869807
2026-10-06_20:18: Alex Christoforou:Trump: "Let Them Take Out La"; Germany Warns Of Russia "Shadow War" :https://youtube.com/watch?v=QrfKmO3434I
2026-10-06_20:18: yt Downloaded URL:https://youtube.com/watch?v=QrfKmO3434I to Alex_Christoforou - Trump_-_Let_Them_Take_Out_LA_Germany_Warns_of_Russia_Shadow_War.mp4|26869820
2026-10-06_20:22: yt Downloaded URL:https://www.youtube.com/watch?v=fFbQWpEf4Eg to Iran Diplomacy Flatlines - DOES War With Iran Move To Hormuz.mp4
2026-10-06_22:07: yt Downloaded URL:https://www.youtube.com/watch?v=AuSfg7-R3RM to Matt Hoh - Why Did The US Occupy Iraq.mp4
2026-10-06_22:08: yt Downloaded URL:https://www.youtube.com/watch?v=rttlF8rgUQI to Ltcol. Karen Kwiatkowski - Are US Bombers Really Leaving Britain.mp4
2026-10-07_16:13: Kim Iversen:Israel SWEEPS Brazil Elections, Plandemic Deja Vu, FBI Coerced J6 Bomber To :https://rumble.com/v7gheso-israel-sweeps-brazil-elections-plandemic-deja-vu-fbi-coerced-j6-bomber-to-c.html
2026-10-07_16:17: yt Downloaded URL:https://rumble.com/v7gheso-israel-sweeps-brazil-elections-plandemic-deja-vu-fbi-coerced-j6-bomber-to-c.html to Kim_Iversen - Israel_SWEEPS_Brazil_Elections_Plandemic_Deja_Vu_FBI_Coerced_J6_Bomber_To_Confess.mp4|26869827
2026-10-07_16:23: Tucker Carlson:Thought Crimes, Cults, and Propaganda: The System's Evolution Into Nazi :https://rumble.com/v7gfarq-thought-crimes-cults-and-propaganda-the-systems-evolution-into-nazi-totalit.html
2026-10-07_16:23: yt Downloaded URL:https://rumble.com/v7gfarq-thought-crimes-cults-and-propaganda-the-systems-evolution-into-nazi-totalit.html to Kim Iversen - Israel SWEEPS Brazil Elections Plandemic Deja Vu FBI.mp4|26869827
2026-10-07_16:33: yt Downloaded URL:https://rumble.com/v7gfarq-thought-crimes-cults-and-propaganda-the-systems-evolution-into-nazi-totalit.html to Tucker_Carlson - Thought_Crimes_Cults_and_Propaganda_-_The_System_s_Evolution_Into_Nazi_Totalitarian.mp4|26869822
2026-10-07_16:34: Dialogue Works:Patrick Henningsen: Breaking: Houthis Make Major Gains Around Taizz As :https://youtube.com/watch?v=H6PC39_R_08
2026-10-07_16:36: yt Downloaded URL:https://youtube.com/watch?v=H6PC39_R_08 to Dialogue_Works - Patrick_Henningsen_-_BREAKING_-_Houthis_Make_Major_Gains_Around_Taizz_as_Frontline_.mp4|26869839
2026-10-07_16:37: Unfettered Speech:Ep:54 Katie Halper - When "Safety" Becomes The Most Dangerous Word :https://youtube.com/watch?v=l7vJdi8TPiM
2026-10-07_16:38: yt Downloaded URL:https://youtube.com/watch?v=l7vJdi8TPiM to The_Unfettered_Speech_Podcast - EP_-54_Katie_Halper_-_When_Safety_Becomes_The_Most_Dangerous_Word.mp4|26869840
2026-10-07_21:26: Judging Freedom:Gilbert Doctorow : Are Putin's Threats Credible? :https://youtube.com/watch?v=LZHici22dl0
2026-10-07_21:26: yt Downloaded URL:https://youtube.com/watch?v=LZHici22dl0 to Judge_Napolitano_-_Judging_Freedom - Gilbert_Doctorow_-_Are_Putin_s_Threats_Credible.mp4|26869825
2026-10-07_21:28: yt Downloaded URL:https://www.youtube.com/watch?v=5hK6qFSA890 to Col. Douglas Macgregor - How DO Washington's Proxy Wars End.mp4
2026-10-07_21:29: yt Downloaded URL:https://www.youtube.com/watch?v=40v6lm5s3ZQ to Phil Giraldi - Did The US Really Leave Iraq.mp4
2026-10-07_22:43: Dialogue Works:Matt Bracken: Breaking: Houthis Launch Major Offensive To Seize Strategic :https://youtube.com/watch?v=tUOIPtc16Ec
2026-10-07_22:44: yt Downloaded URL:https://youtube.com/watch?v=tUOIPtc16Ec to Judging Freedom - Phil Giraldi - Did The US Really Leave Iraq.mp4|26869822
2026-10-07_22:44: Dialogue Works:Matthew Hoh: Breaking: Houthis Claim They Crushed Saudi-Backed Offensive In :https://youtube.com/watch?v=a1dF3bJ1FjA
2026-10-07_22:44: yt Downloaded URL:https://youtube.com/watch?v=a1dF3bJ1FjA to Judging Freedom - Phil Giraldi - Did The US Really Leave Iraq.mp4|26869822
2026-10-08_09:16: Daniel Davis:Devastating Miscalculations In The War With Ukraine /Roger Koeppel :https://youtube.com/watch?v=oohndJRLa48
2026-10-08_09:16: yt Downloaded URL:https://youtube.com/watch?v=oohndJRLa48 to Daniel_Davis_Deep_Dive - Devastating_Miscalculations_in_the_War_with_Ukraine_Roger_Koeppel.mp4|26869843
2026-10-08_09:16: Daniel Davis:Houthis Don't Have To Conquer Saudi Arabia To Make It Pay :https://youtube.com/watch?v=Je71SVX4M_8
2026-10-08_09:17: yt Downloaded URL:https://youtube.com/watch?v=Je71SVX4M_8 to Daniel_Davis_Deep_Dive - Houthis_Don_t_Have_to_Conquer_Saudi_Arabia_to_Make_It_Pay.mp4|26869840
2026-10-08_09:17: Daniel Davis:Hide The Damage, Escalate The War /Col Doug Macgregor :https://youtube.com/watch?v=h4-LQHxU6VQ
2026-10-08_09:17: yt Downloaded URL:https://youtube.com/watch?v=h4-LQHxU6VQ to Daniel Davis - Houthis Don't Have To Conquer Saudi Arabia To Make It.mp4|26869840
2026-10-08_09:17: yt Downloaded URL:https://youtube.com/watch?v=h4-LQHxU6VQ to Daniel_Davis_Deep_Dive - HIDE_THE_DAMAGE_ESCALATE_THE_WAR_Col_Doug_Macgregor.mp4|26869844
2026-10-08_15:04: Glenn Diesen:Roger Köppel: The New European: Moralism & Militarism? :https://rumble.com/v7giu7i-roger-kppel-the-new-european-moralism-and-militarism.html
2026-10-08_15:09: yt Downloaded URL:https://rumble.com/v7giu7i-roger-kppel-the-new-european-moralism-and-militarism.html to Glenn_Diesen_Greater_Eurasia - Roger_Koppel_-_The_New_European_-_Moralism_Militarism.mp4|26869844
2026-10-08_17:43: yt Downloaded URL:https://www.youtube.com/watch?v=vxvd7sSH-Aw to 
2026-10-08_17:44: yt Downloaded URL:https://www.youtube.com/watch?v=f0RAPIaGRLQ&pp=0gcJCTUMAYcqIYzv to France Protests Spiral Out Of Control As Euro Crisis Looms.mp4
2026-10-08_17:47: Daniel Davis:Trump's Ukraine Deal IS Dying, Europe Inherits The War /Alexander Mercouris :https://youtube.com/watch?v=tu1flzQCteY
2026-10-08_17:47: yt Downloaded URL:https://youtube.com/watch?v=tu1flzQCteY to Daniel_Davis_Deep_Dive - Trump_s_Ukraine_Deal_is_Dying_Europe_Inherits_the_War_Alexander_Mercouris.mp4|26869850
2026-10-08_17:49: Blan Colirio:Flydubai 737max 3.08g Recovery Maneuver! Oct. 7, 2026 :https://youtube.com/watch?v=kmtiZ7lQby0
2026-10-08_17:50: yt Downloaded URL:https://youtube.com/watch?v=kmtiZ7lQby0 to Daniel Davis - Trump's Ukraine Deal IS Dying Europe Inherits The War.mp4|26869850
2026-10-08_17:51: Chris Hedges Report:The Rise And Fall Of The Artificial STATE (w/ Jill Lepore) : TCHR :https://youtube.com/watch?v=qAoX_NAXjqY
2026-10-08_17:53: yt Downloaded URL:https://youtube.com/watch?v=qAoX_NAXjqY to The_Chris_Hedges_YouTube_Channel - The_Rise_and_Fall_of_the_Artificial_State_w_Jill_Lepore_TCHR.mp4|26869851
2026-10-08_18:00: yt Downloaded URL:https://rumble.com/v7f0bm0-fighting-big-money-in-politics-w-karishma-manzur-tchr.html?e9s=src_v1_mfp%2Csrc_v1_mfp_by_creator to Fighting Big Money In Politics W Karishma Manzur Tchr.mp4
2026-10-08_20:06: Alex Christoforou:Military Panic Meeting In Kiev As NATO Plans To Defeat Russia On Eastern :https://youtube.com/watch?v=2iFAr8c1e88
2026-10-08_20:06: yt Downloaded URL:https://youtube.com/watch?v=2iFAr8c1e88 to Chris Hedges - Fighting Big Money In Politics W Karishma Manzur Tchr.mp4|26869843
2026-10-08_20:07: yt Downloaded URL:https://youtube.com/watch?v=2iFAr8c1e88 to Chris Hedges - Fighting Big Money In Politics W Karishma Manzur Tchr.mp4|26869843
2026-10-08_20:07: yt Downloaded URL:https://youtube.com/watch?v=2iFAr8c1e88 to Alex_Christoforou - Military_Panic_Meeting_in_Kiev_as_NATO_Plans_to_Defeat_Russia_on_Eastern_Flank.mp4|26869853
2026-10-08_22:14: Judging Freedom:Ltcol. Bill Astore : Should The US Military Be Killers? :https://youtube.com/watch?v=P7BU6x8YnAs
2026-10-08_22:14: yt Downloaded URL:https://youtube.com/watch?v=P7BU6x8YnAs to Judge_Napolitano_-_Judging_Freedom - LtCOL._Bill_Astore_-_Should_the_US_Military_be_Killers.mp4|26869854
2026-10-08_22:14: Judging Freedom:Prof. Mohammad Marandi : Iran Ready For New US Attacks :https://youtube.com/watch?v=suCQUVxYzMk
2026-10-08_22:14: yt Downloaded URL:https://youtube.com/watch?v=suCQUVxYzMk to Judging Freedom - Ltcol. Bill Astore - Should The US Military Be.mp4|26869854
2026-10-08_22:15: yt Downloaded URL:https://youtube.com/watch?v=suCQUVxYzMk to Judge_Napolitano_-_Judging_Freedom - Prof._Mohammad_Marandi_-_Iran_Ready_for_New_US_Attacks.mp4|26869851
2026-10-08_22:15: Judging Freedom:Col. Lawrence Wilkerson : Trump's War IS Spreading :https://youtube.com/watch?v=Q0XMK6Dcr8U
2026-10-08_22:15: yt Downloaded URL:https://youtube.com/watch?v=Q0XMK6Dcr8U to Judge_Napolitano_-_Judging_Freedom - COL._Lawrence_Wilkerson_-_Trump_s_War_Is_Spreading.mp4|26869848
2026-10-08_22:15: Judging Freedom:Pepe Escobar : No One Negotiating With The US :https://youtube.com/watch?v=4oE0XXZL3KI
2026-10-08_22:15: yt Downloaded URL:https://youtube.com/watch?v=4oE0XXZL3KI to Judge_Napolitano_-_Judging_Freedom - Pepe_Escobar_-_No_One_Negotiating_with_the_US.mp4|26869856
2026-10-08_22:18: yt Downloaded URL:https://www.youtube.com/watch?v=O7-1OaTiQxg to Max Blumenthal - October 7th Hysteria.mp4
2026-10-08_22:47: Blan Colirio:Flydubai 737max 3.08g Recovery Maneuver! Oct. 7, 2026 :https://youtube.com/watch?v=kmtiZ7lQby0
2026-10-08_22:47: yt Downloaded URL:https://youtube.com/watch?v=kmtiZ7lQby0 to blancolirio - FlyDubai_737Max_3.08G_Pullout_7_Oct_2026.mp4|26869852
2026-10-09_10:05: Daniel Davis:Trump Can't Pick An Exit From Iran War / Matt Hoh :https://youtube.com/watch?v=RtHqiM4GJRA
2026-10-09_10:05: yt Downloaded URL:https://youtube.com/watch?v=RtHqiM4GJRA to The Duran - France Protests Spiral Out Of Control As Euro Crisis Looms.mp4|26869840
2026-10-09_10:05: yt Downloaded URL:https://youtube.com/watch?v=RtHqiM4GJRA to Daniel_Davis_Deep_Dive - TRUMP_CAN_T_PICK_AN_EXIT_FROM_IRAN_WAR_Matt_Hoh.mp4|26869848
2026-10-09_10:06: Danny Haiphong:CIA Leaks Iran War Bombshell, Israel COLLAPSING Fast : Larry Johnson & Col. :https://youtube.com/watch?v=cJ496YjG288
2026-10-09_10:07: yt Downloaded URL:https://youtube.com/watch?v=cJ496YjG288 to Danny_Haiphong - CIA_Leaks_Iran_War_BOMBSHELL_Israel_COLLAPSING_Fast_Larry_Johnson_Col._Lawrence_Wilkerson.mp4|26869854
2026-10-09_10:07: Danny Haiphong:Scott Ritter: Trump & Israel's War Plan Leaked, Iran Inflicts PAINFUL :https://youtube.com/watch?v=g4azJ7rbuBw
2026-10-09_10:07: yt Downloaded URL:https://youtube.com/watch?v=g4azJ7rbuBw to Danny Haiphong - CIA Leaks Iran War BOMBSHELL Israel COLLAPSING Fast.mp4|26869854
2026-10-09_10:07: Danny Haiphong:Breaking: Israel On Edge Of Civil War, Iran Strikes US NAVY Escorts In :https://youtube.com/watch?v=KSD4h03ftVk
2026-10-09_10:10: yt Downloaded URL:https://youtube.com/watch?v=KSD4h03ftVk to Danny_Haiphong - BREAKING_-_Israel_on_Edge_of_CIVIL_WAR_Iran_STRIKES_US_Navy_Escorts_in_Hormuz.mp4|26869851
2026-10-09_10:11: Dialogue Works:Michael Hudson: Breaking: Yemeni Ballistic Missiles Strike Saudi Aramco's :https://youtube.com/watch?v=LX0sq0IFuzA
2026-10-09_10:11: yt Downloaded URL:https://youtube.com/watch?v=LX0sq0IFuzA to Dialogue_Works - Michael_Hudson_-_BREAKING_-_Yemeni_Ballistic_Missiles_Strike_Saudi_Aramco_s_Abqaiq_.mp4|26869858
2026-10-09_10:11: Dialogue Works:Alex Krainer: Breaking: Explosions Rock Riyadh As Pakistan Reportedly Enters :https://youtube.com/watch?v=_46jpnr8Fas
2026-10-09_10:14: yt Downloaded URL:https://youtube.com/watch?v=_46jpnr8Fas to Dialogue_Works - Alex_Krainer_-_BREAKING_-_Explosions_Rock_Riyadh_as_Pakistan_Reportedly_Enters_Saud.mp4|26869850
2026-10-09_10:14: Dialogue Works:Breaking: Yemeni Ballistic Missiles Hit Riyadh Airport--3 Aircraft Struck - :https://youtube.com/watch?v=I0jo06gd8Pg
2026-10-09_10:15: yt Downloaded URL:https://youtube.com/watch?v=I0jo06gd8Pg to Dialogue_Works - BREAKING_-_YEMENI_BALLISTIC_MISSILES_HIT_RIYADH_AIRPORT_3_AIRCRAFT_STRUCK_-_w_Fmr._CIA_Larry_Johnson.mp4|26869856
2026-10-09_10:16: Neil Oliver:Neil Oliver #10 - ...Was He The MOST EVIL MAN In History - Hitler?!? :https://youtube.com/watch?v=glY2uZzqa7Q
2026-10-09_10:18: yt Downloaded URL:https://youtube.com/watch?v=glY2uZzqa7Q to Neil_Oliver - Neil_Oliver_10_...was_he_the_MOST_EVIL_man_in_history_-_Hitler.mp4|26869862
2026-10-09_10:19: Syriana Analysis:Why Yemen Has Become A NIGHTMARE For Saudi Arabia : Ali H. Mourad :https://youtube.com/watch?v=ohOP0JT8vpo
2026-10-09_10:19: yt Downloaded URL:https://youtube.com/watch?v=ohOP0JT8vpo to Syriana_Analysis - Why_Yemen_Has_Become_a_NIGHTMARE_For_Saudi_Arabia_Ali_H._Mourad.mp4|26869864
2026-10-09_10:20: Kim Iversen:Nick Fuentes Vs "Raging Man Hating Feminist" Kim Iversen :https://rumble.com/v7gl6sm-nick-fuentes-vs-raging-man-hating-feminist-kim-iversen.html
2026-10-09_10:28: yt Downloaded URL:https://rumble.com/v7gl6sm-nick-fuentes-vs-raging-man-hating-feminist-kim-iversen.html to Kim_Iversen - Nick_Fuentes_Vs_Raging_Man_Hating_Feminist_Kim_Iversen.mp4|26869860
2026-10-09_10:28: Kim Iversen:21 NEW Plague Vaccines?! The COVID Jab Autism Link BOMBSHELL & Secret :https://rumble.com/v7gjfmq-vax-death-coverup-leaked-elites-prepared-for-plague-pandemic-biohacks-to-ke.html
2026-10-09_10:28: yt Downloaded URL:https://rumble.com/v7gjfmq-vax-death-coverup-leaked-elites-prepared-for-plague-pandemic-biohacks-to-ke.html to Kim Iversen - Nick Fuentes Vs Raging MAN Hating Feminist Kim Iversen.mp4|26869860
2026-10-09_10:28: yt Downloaded URL:https://rumble.com/v7gjfmq-vax-death-coverup-leaked-elites-prepared-for-plague-pandemic-biohacks-to-ke.html to Kim Iversen - Nick Fuentes Vs Raging MAN Hating Feminist Kim Iversen.mp4|26869860
2026-10-09_10:37: yt Downloaded URL:https://rumble.com/v7gjfmq-vax-death-coverup-leaked-elites-prepared-for-plague-pandemic-biohacks-to-ke.html to Kim_Iversen - 21_NEW_Plague_Vaccines_The_COVID_Jab_Autism_Link_BOMBSHELL_Secret_Biohacks_Big_Pharma_.mp4|26869861
2026-10-09_12:31: Dialogue Works:Matt Bracken: Houthis Capture Strategic Mountain Positions :https://youtube.com/watch?v=ROPg5k9_N0E
2026-10-09_12:32: yt Downloaded URL:https://youtube.com/watch?v=ROPg5k9_N0E to Dialogue_Works - Matt_Bracken_-_Houthis_Capture_Strategic_Mountain_Positions.mp4|26869869
2026-10-09_14:57: Bad Faith:"Pitiful!" - Norm Finkelstein's October 7th Reaction To Zohran's $26 Million :https://youtube.com/watch?v=AKi-qaSmGZ8
2026-10-09_14:58: yt Downloaded URL:https://youtube.com/watch?v=AKi-qaSmGZ8 to Bad_Faith - PITIFUL_-_Norm_Finkelstein_s_October_7th_Reaction_to_Zohran_s_26_Million_Anti-Semitism_B.mp4|26869871
2026-10-09_20:21: Alex Christoforou:Putin & Schroeder In Moscow; Surovikin Returns; Klitschko: Kiev Survival :https://youtube.com/watch?v=_ymVJ8D-hN0
2026-10-09_20:22: yt Downloaded URL:https://youtube.com/watch?v=_ymVJ8D-hN0 to Alex_Christoforou - Putin_Schroeder_in_Moscow_Surovikin_Returns_Klitschko_-_Kiev_Survival_Mode.mp4|26869862
2026-10-09_20:32: yt Downloaded URL:https://www.youtube.com/watch?v=VSZlWaWR9po to Cold War 2.0 89 - Gaza Ceasefire Saudi-Houthi War German Spy Scandal Tarik Cyril Amar.mp4
2026-10-09_20:33: yt Downloaded URL:https://www.youtube.com/watch?v=LtYQBx9G65Y to Greater Israel And The CIA's Secret Moscow Trip Patrick Henningsen.mp4
2026-10-10_01:49: Jimmy Dore:“They”re War Criminals!” Mark Ruffalo CALLS OUT Biden Officials! :https://rumble.com/v7gm4ok-theyre-war-criminals-mark-ruffalo-calls-out-biden-officials.html
2026-10-10_01:50: yt Downloaded URL:https://rumble.com/v7gm4ok-theyre-war-criminals-mark-ruffalo-calls-out-biden-officials.html to The_Jimmy_Dore_Show - They_re_War_Criminals_Mark_Ruffalo_CALLS_OUT_Biden_Officials.mp4|26869866
2026-10-10_01:51: Jimmy Dore:“My New Memoir Is All About SEX SEX SEX!” Michael Douglas :https://rumble.com/v7gm4lo-my-new-memoir-is-all-about-sex-sex-sex-michael-douglas.html
2026-10-10_01:51: yt Downloaded URL:https://rumble.com/v7gm4lo-my-new-memoir-is-all-about-sex-sex-sex-michael-douglas.html to The_Jimmy_Dore_Show - My_New_Memoir_Is_All_About_SEX_SEX_SEX_Michael_Douglas.mp4|26869852
2026-10-10_02:11: Judging Freedom:INTEL Roundtable : Weekly Wrap : 9-Oct :https://youtube.com/watch?v=OXzWWKdL0OE
2026-10-10_02:11: yt Downloaded URL:https://youtube.com/watch?v=OXzWWKdL0OE to Judge_Napolitano_-_Judging_Freedom - INTEL_Roundtable_-_Weekly_Wrap_-_9-OCT.mp4|26869864
2026-10-10_02:12: Judging Freedom:Scott Ritter : Russia Has Already Defeated NATO And Ukraine :https://youtube.com/watch?v=id0inHDZ9tA
2026-10-10_02:12: yt Downloaded URL:https://youtube.com/watch?v=id0inHDZ9tA to Judge_Napolitano_-_Judging_Freedom - Scott_Ritter_-_Russia_Has_Already_Defeated_NATO_and_Ukraine.mp4|26869852
2026-10-10_11:11: Blan Colirio:N425DG Rv-7a Petaluma CA October 7, 2026 :https://youtube.com/watch?v=0BsiViV_aVE
2026-10-10_11:11: yt Downloaded URL:https://youtube.com/watch?v=0BsiViV_aVE to blancolirio - N425DG_RV-7A_Petaluma_CA_7_Oct_2026.mp4|26869794
2026-10-10_11:25: Dialogue Works:Alex Krainer: Houthis Gain Strategic Momentum :https://youtube.com/watch?v=IeDm6EwRht4
2026-10-10_11:25: yt Downloaded URL:https://youtube.com/watch?v=IeDm6EwRht4 to Dialogue_Works - Alex_Krainer_-_Houthis_Gain_Strategic_Momentum.mp4|26869795
2026-10-10_11:26: Dialogue Works:Robert Barnes: Breaking: Trump Announces Massive Russian Diesel Deal After :https://youtube.com/watch?v=t2bVB5nV1DE
2026-10-10_11:27: yt Downloaded URL:https://youtube.com/watch?v=t2bVB5nV1DE to Dialogue Works - Alex Krainer - Houthis Gain Strategic Momentum.mp4|26869795
2026-10-10_11:27: yt Downloaded URL:https://youtube.com/watch?v=t2bVB5nV1DE to Dialogue Works - Alex Krainer - Houthis Gain Strategic Momentum.mp4|26869795
2026-10-10_16:25: Daniel Davis /:Riyadh'S Airport Burns, Tankers Next /Alastair Crooke :https://youtube.com/watch?v=xsH7gRqfKgQ
2026-10-10_16:25: yt Downloaded URL:https://youtube.com/watch?v=xsH7gRqfKgQ to Alex Christoforou - Putin Schroeder In Moscow Surovikin Returns.mp4|26869862
2026-10-10_16:25: yt Downloaded URL:https://youtube.com/watch?v=xsH7gRqfKgQ to Daniel_Davis_Deep_Dive - Riyadh_s_Airport_Burns_Tankers_Next_Alastair_Crooke.mp4|26869795
2026-10-10_16:32: American Exception:The SOGA Interview - Max Arvo & Aaron Good - Part 1 (Ae270) :https://youtube.com/watch?v=0JCddaJs4ZE
2026-10-10_16:32: yt Downloaded URL:https://youtube.com/watch?v=0JCddaJs4ZE to American_Exception - The_SOGA_Interview_-_Max_Arvo_Aaron_Good_-_Part_1_AE270.mp4|26869800
2026-10-10_16:34: Kim Iversen:Hegseth to LIVESTREAM Execution, Trump TACO'd on Iran, Palm Beach Pete is in :https://rumble.com/v7gmvd2-hegseth-to-livestream-execution-trump-tacod-on-iran-palm-beach-pete-is-in-i.html
2026-10-10_16:38: yt Downloaded URL:https://rumble.com/v7gmvd2-hegseth-to-livestream-execution-trump-tacod-on-iran-palm-beach-pete-is-in-i.html to American Exception - The SOGA Interview - Max Arvo Aaron Good - Part 1.mp4|26869800
2026-10-10_16:42: yt Downloaded URL:https://rumble.com/v7gmvd2-hegseth-to-livestream-execution-trump-tacod-on-iran-palm-beach-pete-is-in-i.html to Kim_Iversen - Hegseth_to_LIVESTREAM_Execution_Trump_TACO_d_on_Iran_Palm_Beach_Pete_is_in_Israel.mp4|26869794
2026-10-10_16:42: Kim Iversen:Nick Fuentes Vs 'Raging Man Hating Feminist' Kim Iversen :https://rumble.com/v7gl6sm-nick-fuentes-vs-raging-man-hating-feminist-kim-iversen.html
2026-10-10_16:43: yt Downloaded URL:https://rumble.com/v7gl6sm-nick-fuentes-vs-raging-man-hating-feminist-kim-iversen.html to Kim Iversen - Hegseth To LIVESTREAM Execution Trump TACO D On Iran.mp4|26869794
2026-10-10_16:43: yt Downloaded URL:https://rumble.com/v7gl6sm-nick-fuentes-vs-raging-man-hating-feminist-kim-iversen.html to Kim Iversen - Hegseth To LIVESTREAM Execution Trump TACO D On Iran.mp4|26869794
2026-10-10_16:43: yt Downloaded URL:https://rumble.com/v7gl6sm-nick-fuentes-vs-raging-man-hating-feminist-kim-iversen.html to Kim Iversen - Hegseth To LIVESTREAM Execution Trump TACO D On Iran.mp4|26869794
2026-10-10_16:43: yt Downloaded URL:https://rumble.com/v7gl6sm-nick-fuentes-vs-raging-man-hating-feminist-kim-iversen.html to Kim Iversen - Hegseth To LIVESTREAM Execution Trump TACO D On Iran.mp4|26869794
2026-10-10_16:43: yt Downloaded URL:https://rumble.com/v7gl6sm-nick-fuentes-vs-raging-man-hating-feminist-kim-iversen.html to Kim Iversen - Hegseth To LIVESTREAM Execution Trump TACO D On Iran.mp4|26869794
2026-10-10_16:50: Tucker Carlson:Charlie Kirk Was Right. Our Leaders Ignored Him & Are Now Destroying America :https://rumble.com/v7gjsw0-charlie-kirk-was-right.-our-leaders-ignored-him-and-are-now-destroying-amer.html
2026-10-10_17:12: yt Downloaded URL:https://rumble.com/v7gjsw0-charlie-kirk-was-right.-our-leaders-ignored-him-and-are-now-destroying-amer.html to Tucker_Carlson - Charlie_Kirk_Was_Right._Our_Leaders_Ignored_Him_Are_Now_Destroying_America_With_Net.mp4|26869802
